ARM Linker, 5.03 [Build 24] [MDK-ARM Standard]

==============================================================================

Section Cross References

    main.o(i.main) refers to usart_flash.o(i.Uart_Configuration) for Uart_Configuration
    main.o(i.main) refers to sys.o(i.sys_main) for sys_main
    usart_flash.o(i.GetAddress) refers to fsmc_nand1.o(i.NAND_ReadSmallPage) for NAND_ReadSmallPage
    usart_flash.o(i.GetAddress) refers to usart_flash.o(.data) for table4
    usart_flash.o(i.ReadDate) refers to usart_flash.o(i.GetAddress) for GetAddress
    usart_flash.o(i.ReadDate) refers to fsmc_nand1.o(i.NAND_ReadSmallPage) for NAND_ReadSmallPage
    usart_flash.o(i.ReadDate) refers to usart_flash.o(.bss) for table3
    usart_flash.o(i.ReadDate) refers to usart_flash.o(.data) for NewAddress1
    usart_flash.o(i.Uart_Configuration) refers to stm32f10x_rcc.o(i.RCC_DeInit) for RCC_DeInit
    usart_flash.o(i.Uart_Configuration) refers to stm32f10x_rcc.o(i.RCC_HSEConfig) for RCC_HSEConfig
    usart_flash.o(i.Uart_Configuration) refers to stm32f10x_rcc.o(i.RCC_WaitForHSEStartUp) for RCC_WaitForHSEStartUp
    usart_flash.o(i.Uart_Configuration) refers to stm32f10x_flash.o(i.FLASH_PrefetchBufferCmd) for FLASH_PrefetchBufferCmd
    usart_flash.o(i.Uart_Configuration) refers to stm32f10x_flash.o(i.FLASH_SetLatency) for FLASH_SetLatency
    usart_flash.o(i.Uart_Configuration) refers to stm32f10x_rcc.o(i.RCC_HCLKConfig) for RCC_HCLKConfig
    usart_flash.o(i.Uart_Configuration) refers to stm32f10x_rcc.o(i.RCC_PCLK1Config) for RCC_PCLK1Config
    usart_flash.o(i.Uart_Configuration) refers to stm32f10x_rcc.o(i.RCC_PCLK2Config) for RCC_PCLK2Config
    usart_flash.o(i.Uart_Configuration) refers to stm32f10x_rcc.o(i.RCC_PLLConfig) for RCC_PLLConfig
    usart_flash.o(i.Uart_Configuration) refers to stm32f10x_rcc.o(i.RCC_PLLCmd) for RCC_PLLCmd
    usart_flash.o(i.Uart_Configuration) refers to stm32f10x_rcc.o(i.RCC_GetFlagStatus) for RCC_GetFlagStatus
    usart_flash.o(i.Uart_Configuration) refers to stm32f10x_rcc.o(i.RCC_SYSCLKConfig) for RCC_SYSCLKConfig
    usart_flash.o(i.Uart_Configuration) refers to stm32f10x_rcc.o(i.RCC_GetSYSCLKSource) for RCC_GetSYSCLKSource
    usart_flash.o(i.Uart_Configuration) refers to stm32f10x_rcc.o(i.RCC_APB2PeriphClockCmd) for RCC_APB2PeriphClockCmd
    usart_flash.o(i.Uart_Configuration) refers to misc.o(i.NVIC_SetVectorTable) for NVIC_SetVectorTable
    usart_flash.o(i.Uart_Configuration) refers to stm32f10x_rcc.o(i.RCC_AHBPeriphClockCmd) for RCC_AHBPeriphClockCmd
    usart_flash.o(i.Uart_Configuration) refers to fsmc_nand1.o(i.NAND_Init) for NAND_Init
    usart_flash.o(i.Uart_Configuration) refers to usart_flash.o(.data) for HSEStartUpStatus
    usart_flash.o(i.UpdateAddress) refers to fsmc_nand1.o(i.NAND_EraseBlock) for NAND_EraseBlock
    usart_flash.o(i.UpdateAddress) refers to fsmc_nand1.o(i.NAND_WriteSmallPage) for NAND_WriteSmallPage
    usart_flash.o(i.UpdateAddress) refers to usart_flash.o(.data) for table1
    usart_flash.o(i.WriteDate) refers to usart_flash.o(i.GetAddress) for GetAddress
    usart_flash.o(i.WriteDate) refers to usart_flash.o(i.UpdateAddress) for UpdateAddress
    usart_flash.o(i.WriteDate) refers to fsmc_nand1.o(i.NAND_EraseBlock) for NAND_EraseBlock
    usart_flash.o(i.WriteDate) refers to fsmc_nand1.o(i.NAND_WriteSmallPage) for NAND_WriteSmallPage
    usart_flash.o(i.WriteDate) refers to usart_flash.o(.bss) for table2
    usart_flash.o(i.WriteDate) refers to usart_flash.o(.data) for NewAddress2
    fsmc_nand1.o(i.NAND_EraseBlock) refers to stm32f10x_gpio.o(i.GPIO_ReadInputDataBit) for GPIO_ReadInputDataBit
    fsmc_nand1.o(i.NAND_EraseBlock) refers to fsmc_nand1.o(i.NAND_GetStatus) for NAND_GetStatus
    fsmc_nand1.o(i.NAND_GetStatus) refers to fsmc_nand1.o(i.NAND_ReadStatus) for NAND_ReadStatus
    fsmc_nand1.o(i.NAND_Init) refers to stm32f10x_rcc.o(i.RCC_APB2PeriphClockCmd) for RCC_APB2PeriphClockCmd
    fsmc_nand1.o(i.NAND_Init) refers to stm32f10x_gpio.o(i.GPIO_Init) for GPIO_Init
    fsmc_nand1.o(i.NAND_Init) refers to stm32f10x_fsmc.o(i.FSMC_NANDInit) for FSMC_NANDInit
    fsmc_nand1.o(i.NAND_Init) refers to stm32f10x_fsmc.o(i.FSMC_NANDCmd) for FSMC_NANDCmd
    fsmc_nand1.o(i.NAND_ReadSmallPage) refers to stm32f10x_gpio.o(i.GPIO_ReadInputDataBit) for GPIO_ReadInputDataBit
    fsmc_nand1.o(i.NAND_ReadSmallPage) refers to fsmc_nand1.o(i.NAND_AddressIncrement) for NAND_AddressIncrement
    fsmc_nand1.o(i.NAND_ReadSmallPage) refers to fsmc_nand1.o(i.NAND_GetStatus) for NAND_GetStatus
    fsmc_nand1.o(i.NAND_ReadSpareArea) refers to stm32f10x_gpio.o(i.GPIO_ReadInputDataBit) for GPIO_ReadInputDataBit
    fsmc_nand1.o(i.NAND_ReadSpareArea) refers to fsmc_nand1.o(i.NAND_AddressIncrement) for NAND_AddressIncrement
    fsmc_nand1.o(i.NAND_ReadSpareArea) refers to fsmc_nand1.o(i.NAND_GetStatus) for NAND_GetStatus
    fsmc_nand1.o(i.NAND_WriteSmallPage) refers to stm32f10x_gpio.o(i.GPIO_ReadInputDataBit) for GPIO_ReadInputDataBit
[...]
    lcd128.o(i.screen_down_rle) refers to lcd128.o(i.screen_enable) for screen_enable
    lcd128.o(i.screen_down_rle) refers to lcd128.o(i.screen_spi_send) for screen_spi_send
    lcd128.o(i.screen_down_rle) refers to lcd128.o(.data) for screen_pcmd
    lcd128.o(i.screen_down_rle) refers to lcd128.o(.bss) for screen_head
    lcd128.o(i.screen_enable) refers to stm32f10x_gpio.o(i.GPIO_ResetBits) for GPIO_ResetBits
    lcd128.o(i.screen_enable) refers to lcd128.o(.data) for screen_pin_ss
    lcd128.o(i.screen_highspeed) refers to lcd128.o(i.screen_enable) for screen_enable
    lcd128.o(i.screen_highspeed) refers to lcd128.o(i.screen_spi_send) for screen_spi_send
    lcd128.o(i.screen_highspeed) refers to stm32f10x_spi.o(i.SPI_I2S_GetFlagStatus) for SPI_I2S_GetFlagStatus
    lcd128.o(i.screen_highspeed) refers to lcd128.o(i.screen_spi_getdata) for screen_spi_getdata
    lcd128.o(i.screen_highspeed) refers to stm32f10x_spi.o(i.SPI_I2S_SendData) for SPI_I2S_SendData
    lcd128.o(i.screen_highspeed) refers to lcd128.o(i.screen_disable) for screen_disable
    lcd128.o(i.screen_highspeed) refers to lcd128.o(.data) for screen_pcmd
    lcd128.o(i.screen_highspeed) refers to lcd128.o(.bss) for screen_head
    lcd128.o(i.screen_init) refers to lcd128.o(i.screen_init_rcc) for screen_init_rcc
    lcd128.o(i.screen_init) refers to lcd128.o(i.screen_init_gpio) for screen_init_gpio
    lcd128.o(i.screen_init) refers to lcd128.o(i.screen_init_nvic) for screen_init_nvic
    lcd128.o(i.screen_init) refers to lcd128.o(i.screen_init_spi) for screen_init_spi
    lcd128.o(i.screen_init) refers to lcd128.o(i.screen_init_reset) for screen_init_reset
    lcd128.o(i.screen_init_gpio) refers to stm32f10x_gpio.o(i.GPIO_Init) for GPIO_Init
    lcd128.o(i.screen_init_gpio) refers to lcd128.o(i.screen_disable) for screen_disable
    lcd128.o(i.screen_init_gpio) refers to lcd128.o(.data) for screen_pin_ss
    lcd128.o(i.screen_init_nvic) refers to misc.o(i.NVIC_Init) for NVIC_Init
    lcd128.o(i.screen_init_rcc) refers to stm32f10x_rcc.o(i.RCC_PCLK2Config) for RCC_PCLK2Config
    lcd128.o(i.screen_init_rcc) refers to stm32f10x_rcc.o(i.RCC_APB1PeriphClockCmd) for RCC_APB1PeriphClockCmd
    lcd128.o(i.screen_init_rcc) refers to stm32f10x_rcc.o(i.RCC_APB2PeriphClockCmd) for RCC_APB2PeriphClockCmd
    lcd128.o(i.screen_init_reset) refers to lcd128.o(i.screen_enable) for screen_enable
    lcd128.o(i.screen_init_reset) refers to lcd128.o(i.screen_spi_send) for screen_spi_send
    lcd128.o(i.screen_init_reset) refers to lcd128.o(.bss) for screen_head
    lcd128.o(i.screen_init_reset) refers to lcd128.o(.data) for screen_pcmd
    lcd128.o(i.screen_init_spi) refers to stm32f10x_spi.o(i.SPI_Init) for SPI_Init
    lcd128.o(i.screen_init_spi) refers to stm32f10x_spi.o(i.SPI_Cmd) for SPI_Cmd
    lcd128.o(i.screen_init_spi) refers to lcd128.o(.bss) for SPI_InitStructure
    lcd128.o(i.screen_key_ack) refers to lcd128.o(i.screen_enable) for screen_enable
    lcd128.o(i.screen_key_ack) refers to stm32f10x_spi.o(i.SPI_I2S_SendData) for SPI_I2S_SendData
    lcd128.o(i.screen_key_ack) refers to stm32f10x_spi.o(i.SPI_I2S_GetFlagStatus) for SPI_I2S_GetFlagStatus
    lcd128.o(i.screen_key_ack) refers to lcd128.o(i.screen_spi_getdata) for screen_spi_getdata
    lcd128.o(i.screen_key_ack) refers to lcd128.o(i.screen_disable) for screen_disable
    lcd128.o(i.screen_key_ack) refers to lcd128.o(.data) for screen_init_stat
    lcd128.o(i.screen_key_ack) refers to lcd128.o(.bss) for screen_head
    lcd128.o(i.screen_recall) refers to lcd128.o(i.screen_enable) for screen_enable
    lcd128.o(i.screen_recall) refers to lcd128.o(i.screen_spi_send) for screen_spi_send
    lcd128.o(i.screen_recall) refers to lcd128.o(.data) for screen_pcmd
    lcd128.o(i.screen_recall) refers to lcd128.o(.bss) for screen_head
    lcd128.o(i.screen_spi_getdata) refers to stm32f10x_spi.o(i.SPI_I2S_ReceiveData) for SPI_I2S_ReceiveData
    lcd128.o(i.screen_spi_isp) refers to stm32f10x_spi.o(i.SPI_I2S_ITConfig) for SPI_I2S_ITConfig
    lcd128.o(i.screen_spi_isp) refers to lcd128.o(i.screen_spi_getdata) for screen_spi_getdata
    lcd128.o(i.screen_spi_isp) refers to lcd128.o(i.screen_disable) for screen_disable
    lcd128.o(i.screen_spi_isp) refers to lcd128.o(i.screen_spi_send) for screen_spi_send
    lcd128.o(i.screen_spi_isp) refers to lcd128.o(.data) for flag_high_speed
    lcd128.o(i.screen_spi_send) refers to stm32f10x_spi.o(i.SPI_I2S_SendData) for SPI_I2S_SendData
    lcd128.o(i.screen_spi_send) refers to stm32f10x_spi.o(i.SPI_I2S_ITConfig) for SPI_I2S_ITConfig
    lcd128.o(i.screen_update) refers to lcd128.o(i.screen_enable) for screen_enable
    lcd128.o(i.screen_update) refers to lcd128.o(i.screen_spi_send) for screen_spi_send
    lcd128.o(i.screen_update) refers to lcd128.o(.data) for screen_pcmd
    lcd128.o(i.screen_update) refers to lcd128.o(.bss) for screen_head
    lcd128.o(.data) refers to lcd128.o(.bss) for screen_cmd_data
    main_adc.o(i.get_adc_key) refers to main_adc.o(i.main_adc_getdata) for main_adc_getdata
    main_adc.o(i.get_adc_key) refers to main_adc.o(.data) for pre_adc
    main_adc.o(i.get_light_adc) refers to main_adc.o(i.main_adc_getdata) for main_adc_getdata
    main_adc.o(i.get_light_adc) refers to vs1003.o(i.delay_ms) for delay_ms
    main_adc.o(i.main_adc_getdata) refers to stm32f10x_adc.o(i.ADC_Cmd) for ADC_Cmd
    main_adc.o(i.main_adc_getdata) refers to stm32f10x_adc.o(i.ADC_RegularChannelConfig) for ADC_RegularChannelConfig
    main_adc.o(i.main_adc_getdata) refers to stm32f10x_adc.o(i.ADC_SoftwareStartConvCmd) for ADC_SoftwareStartConvCmd
    main_adc.o(i.main_adc_getdata) refers to stm32f10x_adc.o(i.ADC_GetFlagStatus) for ADC_GetFlagStatus
    main_adc.o(i.main_adc_getdata) refers to stm32f10x_adc.o(i.ADC_GetConversionValue) for ADC_GetConversionValue
    main_adc.o(i.main_adc_init) refers to stm32f10x_rcc.o(i.RCC_ADCCLKConfig) for RCC_ADCCLKConfig
    main_adc.o(i.main_adc_init) refers to stm32f10x_rcc.o(i.RCC_APB2PeriphClockCmd) for RCC_APB2PeriphClockCmd
    main_adc.o(i.main_adc_init) refers to stm32f10x_gpio.o(i.GPIO_Init) for GPIO_Init
    main_adc.o(i.main_adc_init) refers to stm32f10x_adc.o(i.ADC_Init) for ADC_Init
    main_adc.o(i.main_adc_init) refers to stm32f10x_adc.o(i.ADC_Cmd) for ADC_Cmd
    main_adc.o(i.main_adc_init) refers to stm32f10x_adc.o(i.ADC_ResetCalibration) for ADC_ResetCalibration
    main_adc.o(i.main_adc_init) refers to stm32f10x_adc.o(i.ADC_GetResetCalibrationStatus) for ADC_GetResetCalibrationStatus
    main_adc.o(i.main_adc_init) refers to stm32f10x_adc.o(i.ADC_StartCalibration) for ADC_StartCalibration
    main_adc.o(i.main_adc_init) refers to stm32f10x_adc.o(i.ADC_GetCalibrationStatus) for ADC_GetCalibrationStatus
    main_adc.o(i.main_adc_init) refers to main_adc.o(.bss) for ADC_InitStructure
    screen_uart.o(i.screen_uart_down_isp) refers to stm32f10x_usart.o(i.USART_GetITStatus) for USART_GetITStatus
    screen_uart.o(i.screen_uart_down_isp) refers to stm32f10x_usart.o(i.USART_ReceiveData) for USART_ReceiveData
    screen_uart.o(i.screen_uart_down_isp) refers to screen_uart.o(i.screen_uart_send) for screen_uart_send
    screen_uart.o(i.screen_uart_down_isp) refers to stm32f10x_usart.o(i.USART_SendData) for USART_SendData
    screen_uart.o(i.screen_uart_down_isp) refers to stm32f10x_usart.o(i.USART_ITConfig) for USART_ITConfig
    screen_uart.o(i.screen_uart_down_isp) refers to screen_uart.o(.data) for screen_uart_var
    screen_uart.o(i.screen_uart_init) refers to stm32f10x_rcc.o(i.RCC_APB2PeriphClockCmd) for RCC_APB2PeriphClockCmd
    screen_uart.o(i.screen_uart_init) refers to stm32f10x_rcc.o(i.RCC_APB1PeriphClockCmd) for RCC_APB1PeriphClockCmd
    screen_uart.o(i.screen_uart_init) refers to stm32f10x_gpio.o(i.GPIO_Init) for GPIO_Init
    screen_uart.o(i.screen_uart_init) refers to stm32f10x_usart.o(i.USART_Init) for USART_Init
    screen_uart.o(i.screen_uart_init) refers to stm32f10x_usart.o(i.USART_ITConfig) for USART_ITConfig
    screen_uart.o(i.screen_uart_init) refers to stm32f10x_usart.o(i.USART_Cmd) for USART_Cmd
    screen_uart.o(i.screen_uart_init) refers to misc.o(i.NVIC_PriorityGroupConfig) for NVIC_PriorityGroupConfig
    screen_uart.o(i.screen_uart_init) refers to misc.o(i.NVIC_Init) for NVIC_Init
    screen_uart.o(i.screen_uart_init) refers to stm32f10x_gpio.o(i.GPIO_ResetBits) for GPIO_ResetBits
    screen_uart.o(i.screen_uart_init) refers to screen_uart.o(.bss) for USART_InitStructure
    screen_uart.o(i.screen_uart_init) refers to screen_uart.o(.data) for screen_uart_var
    screen_uart.o(i.screen_uart_main_down_isp) refers to stm32f10x_usart.o(i.USART_GetITStatus) for USART_GetITStatus
    screen_uart.o(i.screen_uart_main_down_isp) refers to stm32f10x_usart.o(i.USART_ReceiveData) for USART_ReceiveData
    screen_uart.o(i.screen_uart_main_down_isp) refers to stm32f10x_usart.o(i.USART_SendData) for USART_SendData
    screen_uart.o(i.screen_uart_main_down_isp) refers to stm32f10x_usart.o(i.USART_ITConfig) for USART_ITConfig
    screen_uart.o(i.screen_uart_main_down_isp) refers to screen_uart.o(.data) for screen_uart_var
    screen_uart.o(i.screen_uart_main_down_isp) refers to screen_uart.o(.bss) for package_buff0
    screen_uart.o(i.screen_uart_package) refers to screen_uart.o(i.screen_uart_send_noint) for screen_uart_send_noint
    screen_uart.o(i.screen_uart_send) refers to stm32f10x_usart.o(i.USART_SendData) for USART_SendData
    screen_uart.o(i.screen_uart_send) refers to stm32f10x_usart.o(i.USART_ITConfig) for USART_ITConfig
    screen_uart.o(i.screen_uart_send) refers to screen_uart.o(.data) for screen_uart_var
    screen_uart.o(i.screen_uart_send_noint) refers to stm32f10x_usart.o(i.USART_SendData) for USART_SendData
    screen_uart.o(i.screen_uart_send_noint) refers to stm32f10x_usart.o(i.USART_ITConfig) for USART_ITConfig
    screen_uart.o(i.screen_uart_send_noint) refers to screen_uart.o(.data) for screen_uart_var
    screen_uart.o(i.screen_uart_sends) refers to stm32f10x_usart.o(i.USART_SendData) for USART_SendData
    screen_uart.o(i.screen_uart_sends) refers to stm32f10x_usart.o(i.USART_ITConfig) for USART_ITConfig
    screen_uart.o(i.screen_uart_sends) refers to screen_uart.o(.data) for screen_uart_var
    screen_uart.o(i.screen_uart_tosend) refers to screen_uart.o(i.screen_uart_send) for screen_uart_send
    screen_uart.o(i.screen_uart_up_isp) refers to stm32f10x_usart.o(i.USART_GetITStatus) for USART_GetITStatus
    screen_uart.o(i.screen_uart_up_isp) refers to stm32f10x_usart.o(i.USART_ReceiveData) for USART_ReceiveData
    screen_uart.o(i.screen_uart_up_isp) refers to screen_uart.o(i.screen_uart_send) for screen_uart_send
    screen_uart.o(i.screen_uart_up_isp) refers to stm32f10x_usart.o(i.USART_SendData) for USART_SendData
    screen_uart.o(i.screen_uart_up_isp) refers to stm32f10x_usart.o(i.USART_ITConfig) for USART_ITConfig
    screen_uart.o(i.screen_uart_up_isp) refers to screen_uart.o(.data) for screen_uart_var
    screen_uart.o(i.screen_uart_up_isp) refers to sys.o(.data) for flag_down
    screen_uart.o(i.screen_uart_up_isp) refers to screen_uart.o(.bss) for file_data
    stm32f10x_it.o(i.SPI2_IRQHandler) refers to lcd128.o(i.screen_spi_isp) for screen_spi_isp
    stm32f10x_it.o(i.USART1_IRQHandler) refers to screen_uart.o(i.screen_uart_up_isp) for screen_uart_up_isp
    stm32f10x_it.o(i.USART2_IRQHandler) refers to screen_uart.o(i.screen_uart_main_down_isp) for screen_uart_main_down_isp
    sys.o(i.RCC_Configuration) refers to stm32f10x_rcc.o(i.RCC_DeInit) for RCC_DeInit
    sys.o(i.RCC_Configuration) refers to stm32f10x_rcc.o(i.RCC_HSEConfig) for RCC_HSEConfig
    sys.o(i.RCC_Configuration) refers to stm32f10x_rcc.o(i.RCC_WaitForHSEStartUp) for RCC_WaitForHSEStartUp
    sys.o(i.RCC_Configuration) refers to stm32f10x_flash.o(i.FLASH_PrefetchBufferCmd) for FLASH_PrefetchBufferCmd
    sys.o(i.RCC_Configuration) refers to stm32f10x_flash.o(i.FLASH_SetLatency) for FLASH_SetLatency
    sys.o(i.RCC_Configuration) refers to stm32f10x_rcc.o(i.RCC_HCLKConfig) for RCC_HCLKConfig
    sys.o(i.RCC_Configuration) refers to stm32f10x_rcc.o(i.RCC_PCLK2Config) for RCC_PCLK2Config
    sys.o(i.RCC_Configuration) refers to stm32f10x_rcc.o(i.RCC_PCLK1Config) for RCC_PCLK1Config
    sys.o(i.RCC_Configuration) refers to stm32f10x_rcc.o(i.RCC_PLLConfig) for RCC_PLLConfig
    sys.o(i.RCC_Configuration) refers to stm32f10x_rcc.o(i.RCC_PLLCmd) for RCC_PLLCmd
    sys.o(i.RCC_Configuration) refers to stm32f10x_rcc.o(i.RCC_GetFlagStatus) for RCC_GetFlagStatus
    sys.o(i.RCC_Configuration) refers to stm32f10x_rcc.o(i.RCC_SYSCLKConfig) for RCC_SYSCLKConfig
    sys.o(i.RCC_Configuration) refers to stm32f10x_rcc.o(i.RCC_GetSYSCLKSource) for RCC_GetSYSCLKSource
    sys.o(i.sys_main) refers to screen_uart.o(i.screen_uart_init) for screen_uart_init
    sys.o(i.sys_main) refers to main_adc.o(i.main_adc_init) for main_adc_init
    sys.o(i.sys_main) refers to screen_uart.o(i.screen_uart_tosend) for screen_uart_tosend
    sys.o(i.sys_main) refers to main_adc.o(i.get_adc_key) for get_adc_key
    sys.o(i.sys_main) refers to screen_uart.o(i.screen_uart_package) for screen_uart_package
    sys.o(i.sys_main) refers to screen_uart.o(i.screen_uart_sends) for screen_uart_sends
    sys.o(i.sys_main) refers to sys.o(.data) for flag_down
    sys.o(i.sys_main) refers to screen_uart.o(.data) for flag_tosend
    sys.o(i.sys_main) refers to screen_uart.o(.bss) for package_buff0
    sys.o(i.sys_main) refers to main_adc.o(.data) for pre_adc
    vs1003.o(i.VS1003_GetDecodeTime) refers to vs1003.o(i.VS1003_ReadReg) for VS1003_ReadReg
    vs1003.o(i.VS1003_Init) refers to stm32f10x_rcc.o(i.RCC_APB2PeriphClockCmd) for RCC_APB2PeriphClockCmd
    vs1003.o(i.VS1003_Init) refers to stm32f10x_gpio.o(i.GPIO_Init) for GPIO_Init
    vs1003.o(i.VS1003_Init) refers to stm32f10x_gpio.o(i.GPIO_SetBits) for GPIO_SetBits
    vs1003.o(i.VS1003_Init) refers to vs1003.o(i.VS1003_SPI_Init) for VS1003_SPI_Init
    vs1003.o(i.VS1003_RamTest) refers to vs1003.o(i.VS1003_Reset) for VS1003_Reset
    vs1003.o(i.VS1003_RamTest) refers to vs1003.o(i.VS1003_WriteReg) for VS1003_WriteReg
    vs1003.o(i.VS1003_RamTest) refers to stm32f10x_gpio.o(i.GPIO_ReadInputDataBit) for GPIO_ReadInputDataBit
    vs1003.o(i.VS1003_RamTest) refers to stm32f10x_gpio.o(i.GPIO_ResetBits) for GPIO_ResetBits
    vs1003.o(i.VS1003_RamTest) refers to vs1003.o(i.VS1003_SPI_ReadWriteByte) for VS1003_SPI_ReadWriteByte
    vs1003.o(i.VS1003_RamTest) refers to vs1003.o(i.delay_ms) for delay_ms
    vs1003.o(i.VS1003_RamTest) refers to stm32f10x_gpio.o(i.GPIO_SetBits) for GPIO_SetBits
    vs1003.o(i.VS1003_RamTest) refers to vs1003.o(i.VS1003_ReadReg) for VS1003_ReadReg
    vs1003.o(i.VS1003_ReadReg) refers to stm32f10x_gpio.o(i.GPIO_ReadInputDataBit) for GPIO_ReadInputDataBit
    vs1003.o(i.VS1003_ReadReg) refers to vs1003.o(i.VS1003_SPI_SetSpeed) for VS1003_SPI_SetSpeed
    vs1003.o(i.VS1003_ReadReg) refers to stm32f10x_gpio.o(i.GPIO_SetBits) for GPIO_SetBits
    vs1003.o(i.VS1003_ReadReg) refers to stm32f10x_gpio.o(i.GPIO_ResetBits) for GPIO_ResetBits
    vs1003.o(i.VS1003_ReadReg) refers to vs1003.o(i.VS1003_SPI_ReadWriteByte) for VS1003_SPI_ReadWriteByte
    vs1003.o(i.VS1003_Record_Init) refers to vs1003.o(i.VS1003_WriteReg) for VS1003_WriteReg
    vs1003.o(i.VS1003_Record_Init) refers to vs1003.o(i.delay_ms) for delay_ms
    vs1003.o(i.VS1003_Record_Init) refers to vs1003.o(i.VS1003_ReadReg) for VS1003_ReadReg
    vs1003.o(i.VS1003_Reset) refers to vs1003.o(i.delay_ms) for delay_ms
    vs1003.o(i.VS1003_Reset) refers to vs1003.o(i.VS1003_SPI_ReadWriteByte) for VS1003_SPI_ReadWriteByte
    vs1003.o(i.VS1003_Reset) refers to stm32f10x_gpio.o(i.GPIO_SetBits) for GPIO_SetBits
    vs1003.o(i.VS1003_Reset) refers to stm32f10x_gpio.o(i.GPIO_ReadInputDataBit) for GPIO_ReadInputDataBit
    vs1003.o(i.VS1003_ResetDecodeTime) refers to vs1003.o(i.VS1003_WriteReg) for VS1003_WriteReg
    vs1003.o(i.VS1003_SPI_Init) refers to stm32f10x_rcc.o(i.RCC_APB1PeriphClockCmd) for RCC_APB1PeriphClockCmd
    vs1003.o(i.VS1003_SPI_Init) refers to stm32f10x_spi.o(i.SPI_Init) for SPI_Init
    vs1003.o(i.VS1003_SPI_Init) refers to stm32f10x_spi.o(i.SPI_Cmd) for SPI_Cmd
    vs1003.o(i.VS1003_SPI_ReadWriteByte) refers to stm32f10x_spi.o(i.SPI_I2S_GetFlagStatus) for SPI_I2S_GetFlagStatus
    vs1003.o(i.VS1003_SPI_ReadWriteByte) refers to stm32f10x_spi.o(i.SPI_I2S_SendData) for SPI_I2S_SendData
    vs1003.o(i.VS1003_SPI_ReadWriteByte) refers to stm32f10x_spi.o(i.SPI_I2S_ReceiveData) for SPI_I2S_ReceiveData
    vs1003.o(i.VS1003_SPI_SetSpeed) refers to stm32f10x_spi.o(i.SPI_Init) for SPI_Init
    vs1003.o(i.VS1003_SetVol) refers to vs1003.o(i.VS1003_WriteReg) for VS1003_WriteReg
    vs1003.o(i.VS1003_SetVol) refers to vs1003.o(.data) for vs1003ram
    vs1003.o(i.VS1003_SineTest) refers to vs1003.o(i.VS1003_WriteReg) for VS1003_WriteReg
    vs1003.o(i.VS1003_SineTest) refers to stm32f10x_gpio.o(i.GPIO_ReadInputDataBit) for GPIO_ReadInputDataBit
    vs1003.o(i.VS1003_SineTest) refers to stm32f10x_gpio.o(i.GPIO_ResetBits) for GPIO_ResetBits
    vs1003.o(i.VS1003_SineTest) refers to vs1003.o(i.VS1003_SPI_ReadWriteByte) for VS1003_SPI_ReadWriteByte
    vs1003.o(i.VS1003_SineTest) refers to vs1003.o(i.delay_ms) for delay_ms
    vs1003.o(i.VS1003_SineTest) refers to stm32f10x_gpio.o(i.GPIO_SetBits) for GPIO_SetBits
    vs1003.o(i.VS1003_SoftReset) refers to stm32f10x_gpio.o(i.GPIO_ReadInputDataBit) for GPIO_ReadInputDataBit
    vs1003.o(i.VS1003_SoftReset) refers to vs1003.o(i.VS1003_SPI_ReadWriteByte) for VS1003_SPI_ReadWriteByte
    vs1003.o(i.VS1003_SoftReset) refers to vs1003.o(i.VS1003_WriteReg) for VS1003_WriteReg
    vs1003.o(i.VS1003_SoftReset) refers to vs1003.o(i.delay_ms) for delay_ms
    vs1003.o(i.VS1003_SoftReset) refers to vs1003.o(i.VS1003_ReadReg) for VS1003_ReadReg
    vs1003.o(i.VS1003_SoftReset) refers to vs1003.o(i.VS1003_ResetDecodeTime) for VS1003_ResetDecodeTime
    vs1003.o(i.VS1003_SoftReset) refers to stm32f10x_gpio.o(i.GPIO_ResetBits) for GPIO_ResetBits
    vs1003.o(i.VS1003_SoftReset) refers to stm32f10x_gpio.o(i.GPIO_SetBits) for GPIO_SetBits
    vs1003.o(i.VS1003_WriteData) refers to stm32f10x_gpio.o(i.GPIO_ResetBits) for GPIO_ResetBits
    vs1003.o(i.VS1003_WriteData) refers to vs1003.o(i.VS1003_SPI_ReadWriteByte) for VS1003_SPI_ReadWriteByte
    vs1003.o(i.VS1003_WriteData) refers to stm32f10x_gpio.o(i.GPIO_SetBits) for GPIO_SetBits
    vs1003.o(i.VS1003_WriteReg) refers to stm32f10x_gpio.o(i.GPIO_ReadInputDataBit) for GPIO_ReadInputDataBit
    vs1003.o(i.VS1003_WriteReg) refers to vs1003.o(i.VS1003_SPI_SetSpeed) for VS1003_SPI_SetSpeed
    vs1003.o(i.VS1003_WriteReg) refers to stm32f10x_gpio.o(i.GPIO_SetBits) for GPIO_SetBits
    vs1003.o(i.VS1003_WriteReg) refers to stm32f10x_gpio.o(i.GPIO_ResetBits) for GPIO_ResetBits
    vs1003.o(i.VS1003_WriteReg) refers to vs1003.o(i.VS1003_SPI_ReadWriteByte) for VS1003_SPI_ReadWriteByte
    music.o(.data) refers to music.o(.constdata) for s1
    entry.o(.ARM.Collect$$$$00000000) refers (Special) to entry10a.o(.ARM.Collect$$$$0000000D) for __rt_final_cpp
    entry.o(.ARM.Collect$$$$00000000) refers (Special) to entry11a.o(.ARM.Collect$$$$0000000F) for __rt_final_exit
    entry.o(.ARM.Collect$$$$00000000) refers (Special) to entry7b.o(.ARM.Collect$$$$00000008) for _main_clock
    entry.o(.ARM.Collect$$$$00000000) refers (Special) to entry8b.o(.ARM.Collect$$$$0000000A) for _main_cpp_init
    entry.o(.ARM.Collect$$$$00000000) refers (Special) to entry9a.o(.ARM.Collect$$$$0000000B) for _main_init
    entry.o(.ARM.Collect$$$$00000000) refers (Special) to entry5.o(.ARM.Collect$$$$00000004) for _main_scatterload
    entry.o(.ARM.Collect$$$$00000000) refers (Special) to entry2.o(.ARM.Collect$$$$00000001) for _main_stk
    entry2.o(.ARM.Collect$$$$00000001) refers to entry2.o(.ARM.Collect$$$$00002712) for __lit__00000000
    entry2.o(.ARM.Collect$$$$00002712) refers to startup_stm32f10x_xl.o(STACK) for __initial_sp
    entry2.o(__vectab_stack_and_reset_area) refers to startup_stm32f10x_xl.o(STACK) for __initial_sp
    entry2.o(__vectab_stack_and_reset_area) refers to entry.o(.ARM.Collect$$$$00000000) for __main
    entry5.o(.ARM.Collect$$$$00000004) refers to init.o(.text) for __scatterload
    entry9a.o(.ARM.Collect$$$$0000000B) refers to main.o(i.main) for main
    entry9b.o(.ARM.Collect$$$$0000000C) refers to main.o(i.main) for main
    init.o(.text) refers to entry5.o(.ARM.Collect$$$$00000004) for __main_after_scatterload


==============================================================================

Removing Unused input sections from the image.

    Removing main.o(i.Fill_Buffer), (24 bytes).
    Removing main.o(.bss), (16400 bytes).
    Removing main.o(.data), (30 bytes).
    Removing usart_flash.o(i.GetAddress), (56 bytes).
    Removing usart_flash.o(i.ReadDate), (100 bytes).
    Removing usart_flash.o(i.UpdateAddress), (132 bytes).
    Removing usart_flash.o(i.WriteDate), (264 bytes).
    Removing usart_flash.o(.bss), (16384 bytes).
    Removing fsmc_nand1.o(i.NAND_AddressIncrement), (56 bytes).
    Removing fsmc_nand1.o(i.NAND_EraseBlock), (96 bytes).
    Removing fsmc_nand1.o(i.NAND_GetStatus), (42 bytes).
    Removing fsmc_nand1.o(i.NAND_ReadID), (44 bytes).
    Removing fsmc_nand1.o(i.NAND_ReadSmallPage), (176 bytes).
    Removing fsmc_nand1.o(i.NAND_ReadSpareArea), (180 bytes).
    Removing fsmc_nand1.o(i.NAND_ReadStatus), (44 bytes).
    Removing fsmc_nand1.o(i.NAND_Reset), (16 bytes).
    Removing fsmc_nand1.o(i.NAND_WriteSmallPage), (188 bytes).
    Removing fsmc_nand1.o(i.NAND_WriteSpareArea), (192 bytes).
    Removing stm32f10x_rcc.o(i.RCC_APB1PeriphResetCmd), (32 bytes).
    Removing stm32f10x_rcc.o(i.RCC_APB2PeriphResetCmd), (32 bytes).
    Removing stm32f10x_rcc.o(i.RCC_AdjustHSICalibrationValue), (24 bytes).
    Removing stm32f10x_rcc.o(i.RCC_BackupResetCmd), (12 bytes).
    Removing stm32f10x_rcc.o(i.RCC_ClearFlag), (20 bytes).
    Removing stm32f10x_rcc.o(i.RCC_ClearITPendingBit), (12 bytes).
    Removing stm32f10x_rcc.o(i.RCC_ClockSecuritySystemCmd), (12 bytes).
    Removing stm32f10x_rcc.o(i.RCC_GetITStatus), (24 bytes).
    Removing stm32f10x_rcc.o(i.RCC_HSICmd), (12 bytes).
    Removing stm32f10x_rcc.o(i.RCC_ITConfig), (32 bytes).
    Removing stm32f10x_rcc.o(i.RCC_LSEConfig), (52 bytes).
    Removing stm32f10x_rcc.o(i.RCC_LSICmd), (12 bytes).
    Removing stm32f10x_rcc.o(i.RCC_MCOConfig), (12 bytes).
    Removing stm32f10x_rcc.o(i.RCC_RTCCLKCmd), (12 bytes).
    Removing stm32f10x_rcc.o(i.RCC_RTCCLKConfig), (16 bytes).
    Removing stm32f10x_rcc.o(i.RCC_USBCLKConfig), (12 bytes).
    Removing stm32f10x_gpio.o(i.GPIO_AFIODeInit), (20 bytes).
    Removing stm32f10x_gpio.o(i.GPIO_DeInit), (200 bytes).
    Removing stm32f10x_gpio.o(i.GPIO_ETH_MediaInterfaceConfig), (12 bytes).
    Removing stm32f10x_gpio.o(i.GPIO_EXTILineConfig), (64 bytes).
    Removing stm32f10x_gpio.o(i.GPIO_EventOutputCmd), (12 bytes).
    Removing stm32f10x_gpio.o(i.GPIO_EventOutputConfig), (32 bytes).
    Removing stm32f10x_gpio.o(i.GPIO_PinLockConfig), (18 bytes).
    Removing stm32f10x_gpio.o(i.GPIO_PinRemapConfig), (144 bytes).
    Removing stm32f10x_gpio.o(i.GPIO_ReadInputData), (8 bytes).
    Removing stm32f10x_gpio.o(i.GPIO_ReadInputDataBit), (18 bytes).
    Removing stm32f10x_gpio.o(i.GPIO_ReadOutputData), (8 bytes).
    Removing stm32f10x_gpio.o(i.GPIO_ReadOutputDataBit), (18 bytes).
    Removing stm32f10x_gpio.o(i.GPIO_StructInit), (16 bytes).
    Removing stm32f10x_gpio.o(i.GPIO_Write), (4 bytes).
    Removing stm32f10x_gpio.o(i.GPIO_WriteBit), (10 bytes).
    Removing misc.o(i.NVIC_SystemLPConfig), (32 bytes).
    Removing misc.o(i.SysTick_CLKSourceConfig), (40 bytes).
    Removing stm32f10x_exti.o(i.EXTI_ClearFlag), (12 bytes).
    Removing stm32f10x_exti.o(i.EXTI_ClearITPendingBit), (12 bytes).
    Removing stm32f10x_exti.o(i.EXTI_DeInit), (36 bytes).
    Removing stm32f10x_exti.o(i.EXTI_GenerateSWInterrupt), (16 bytes).
    Removing stm32f10x_exti.o(i.EXTI_GetFlagStatus), (24 bytes).
    Removing stm32f10x_exti.o(i.EXTI_GetITStatus), (40 bytes).
    Removing stm32f10x_exti.o(i.EXTI_Init), (148 bytes).
    Removing stm32f10x_exti.o(i.EXTI_StructInit), (16 bytes).
    Removing stm32f10x_spi.o(i.I2S_Cmd), (24 bytes).
    Removing stm32f10x_spi.o(i.I2S_Init), (232 bytes).
    Removing stm32f10x_spi.o(i.I2S_StructInit), (20 bytes).
    Removing stm32f10x_spi.o(i.SPI_BiDirectionalLineConfig), (28 bytes).
    Removing stm32f10x_spi.o(i.SPI_CalculateCRC), (24 bytes).
    Removing stm32f10x_spi.o(i.SPI_Cmd), (24 bytes).
    Removing stm32f10x_spi.o(i.SPI_DataSizeConfig), (18 bytes).
    Removing stm32f10x_spi.o(i.SPI_GetCRC), (16 bytes).
    Removing stm32f10x_spi.o(i.SPI_GetCRCPolynomial), (6 bytes).
    Removing stm32f10x_spi.o(i.SPI_I2S_ClearFlag), (6 bytes).
    Removing stm32f10x_spi.o(i.SPI_I2S_ClearITPendingBit), (20 bytes).
    Removing stm32f10x_spi.o(i.SPI_I2S_DMACmd), (18 bytes).
    Removing stm32f10x_spi.o(i.SPI_I2S_DeInit), (88 bytes).
    Removing stm32f10x_spi.o(i.SPI_I2S_GetFlagStatus), (18 bytes).
    Removing stm32f10x_spi.o(i.SPI_I2S_GetITStatus), (52 bytes).
    Removing stm32f10x_spi.o(i.SPI_Init), (60 bytes).
    Removing stm32f10x_spi.o(i.SPI_NSSInternalSoftwareConfig), (30 bytes).
    Removing stm32f10x_spi.o(i.SPI_SSOutputCmd), (24 bytes).
    Removing stm32f10x_spi.o(i.SPI_StructInit), (24 bytes).
    Removing stm32f10x_spi.o(i.SPI_TransmitCRC), (10 bytes).
    Removing stm32f10x_fsmc.o(i.FSMC_ClearFlag), (72 bytes).
    Removing stm32f10x_fsmc.o(i.FSMC_ClearITPendingBit), (72 bytes).
    Removing stm32f10x_fsmc.o(i.FSMC_GetECC), (28 bytes).
    Removing stm32f10x_fsmc.o(i.FSMC_GetFlagStatus), (56 bytes).
    Removing stm32f10x_fsmc.o(i.FSMC_GetITStatus), (68 bytes).
    Removing stm32f10x_fsmc.o(i.FSMC_ITConfig), (136 bytes).
    Removing stm32f10x_fsmc.o(i.FSMC_NANDDeInit), (72 bytes).
    Removing stm32f10x_fsmc.o(i.FSMC_NANDECCCmd), (92 bytes).
    Removing stm32f10x_fsmc.o(i.FSMC_NANDStructInit), (54 bytes).
    Removing stm32f10x_fsmc.o(i.FSMC_NORSRAMCmd), (52 bytes).
    Removing stm32f10x_fsmc.o(i.FSMC_NORSRAMDeInit), (56 bytes).
    Removing stm32f10x_fsmc.o(i.FSMC_NORSRAMInit), (220 bytes).
    Removing stm32f10x_fsmc.o(i.FSMC_NORSRAMStructInit), (112 bytes).
    Removing stm32f10x_fsmc.o(i.FSMC_PCCARDCmd), (48 bytes).
    Removing stm32f10x_fsmc.o(i.FSMC_PCCARDDeInit), (48 bytes).
    Removing stm32f10x_fsmc.o(i.FSMC_PCCARDInit), (136 bytes).
    Removing stm32f10x_fsmc.o(i.FSMC_PCCARDStructInit), (60 bytes).
    Removing stm32f10x_usart.o(i.USART_ClearFlag), (18 bytes).
    Removing stm32f10x_usart.o(i.USART_ClearITPendingBit), (30 bytes).
    Removing stm32f10x_usart.o(i.USART_ClockInit), (34 bytes).
    Removing stm32f10x_usart.o(i.USART_ClockStructInit), (12 bytes).
    Removing stm32f10x_usart.o(i.USART_DMACmd), (18 bytes).
    Removing stm32f10x_usart.o(i.USART_DeInit), (156 bytes).
    Removing stm32f10x_usart.o(i.USART_GetFlagStatus), (26 bytes).
    Removing stm32f10x_usart.o(i.USART_HalfDuplexCmd), (24 bytes).
    Removing stm32f10x_usart.o(i.USART_IrDACmd), (24 bytes).
    Removing stm32f10x_usart.o(i.USART_IrDAConfig), (18 bytes).
    Removing stm32f10x_usart.o(i.USART_LINBreakDetectLengthConfig), (18 bytes).
    Removing stm32f10x_usart.o(i.USART_LINCmd), (24 bytes).
    Removing stm32f10x_usart.o(i.USART_OneBitMethodCmd), (24 bytes).
    Removing stm32f10x_usart.o(i.USART_OverSampling8Cmd), (22 bytes).
    Removing stm32f10x_usart.o(i.USART_ReceiverWakeUpCmd), (24 bytes).
    Removing stm32f10x_usart.o(i.USART_SendBreak), (10 bytes).
    Removing stm32f10x_usart.o(i.USART_SetAddress), (18 bytes).
    Removing stm32f10x_usart.o(i.USART_SetGuardTime), (16 bytes).
    Removing stm32f10x_usart.o(i.USART_SetPrescaler), (16 bytes).
    Removing stm32f10x_usart.o(i.USART_SmartCardCmd), (24 bytes).
    Removing stm32f10x_usart.o(i.USART_SmartCardNACKCmd), (24 bytes).
    Removing stm32f10x_usart.o(i.USART_StructInit), (24 bytes).
    Removing stm32f10x_usart.o(i.USART_WakeUpConfig), (18 bytes).
    Removing stm32f10x_sdio.o(i.SDIO_CEATAITCmd), (16 bytes).
    Removing stm32f10x_sdio.o(i.SDIO_ClearFlag), (12 bytes).
    Removing stm32f10x_sdio.o(i.SDIO_ClearITPendingBit), (12 bytes).
    Removing stm32f10x_sdio.o(i.SDIO_ClockCmd), (12 bytes).
    Removing stm32f10x_sdio.o(i.SDIO_CmdStructInit), (14 bytes).
    Removing stm32f10x_sdio.o(i.SDIO_CommandCompletionCmd), (12 bytes).
    Removing stm32f10x_sdio.o(i.SDIO_DMACmd), (12 bytes).
    Removing stm32f10x_sdio.o(i.SDIO_DataConfig), (48 bytes).
    Removing stm32f10x_sdio.o(i.SDIO_DataStructInit), (20 bytes).
    Removing stm32f10x_sdio.o(i.SDIO_DeInit), (36 bytes).
    Removing stm32f10x_sdio.o(i.SDIO_GetCommandResponse), (12 bytes).
    Removing stm32f10x_sdio.o(i.SDIO_GetDataCounter), (12 bytes).
    Removing stm32f10x_sdio.o(i.SDIO_GetFIFOCount), (12 bytes).
    Removing stm32f10x_sdio.o(i.SDIO_GetFlagStatus), (24 bytes).
    Removing stm32f10x_sdio.o(i.SDIO_GetITStatus), (24 bytes).
    Removing stm32f10x_sdio.o(i.SDIO_GetPowerState), (16 bytes).
    Removing stm32f10x_sdio.o(i.SDIO_GetResponse), (24 bytes).
    Removing stm32f10x_sdio.o(i.SDIO_ITConfig), (32 bytes).
    Removing stm32f10x_sdio.o(i.SDIO_Init), (48 bytes).
    Removing stm32f10x_sdio.o(i.SDIO_ReadData), (12 bytes).
    Removing stm32f10x_sdio.o(i.SDIO_SendCEATACmd), (12 bytes).
    Removing stm32f10x_sdio.o(i.SDIO_SendCommand), (44 bytes).
    Removing stm32f10x_sdio.o(i.SDIO_SendSDIOSuspendCmd), (12 bytes).
    Removing stm32f10x_sdio.o(i.SDIO_SetPowerState), (28 bytes).
    Removing stm32f10x_sdio.o(i.SDIO_SetSDIOOperation), (12 bytes).
    Removing stm32f10x_sdio.o(i.SDIO_SetSDIOReadWaitMode), (12 bytes).
    Removing stm32f10x_sdio.o(i.SDIO_StartSDIOReadWait), (12 bytes).
    Removing stm32f10x_sdio.o(i.SDIO_StopSDIOReadWait), (12 bytes).
    Removing stm32f10x_sdio.o(i.SDIO_StructInit), (16 bytes).
    Removing stm32f10x_sdio.o(i.SDIO_WriteData), (12 bytes).
    Removing stm32f10x_dma.o(i.DMA_ClearFlag), (28 bytes).
    Removing stm32f10x_dma.o(i.DMA_ClearITPendingBit), (28 bytes).
    Removing stm32f10x_dma.o(i.DMA_Cmd), (22 bytes).
    Removing stm32f10x_dma.o(i.DMA_DeInit), (332 bytes).
    Removing stm32f10x_dma.o(i.DMA_GetCurrDataCounter), (8 bytes).
    Removing stm32f10x_dma.o(i.DMA_GetFlagStatus), (44 bytes).
    Removing stm32f10x_dma.o(i.DMA_GetITStatus), (44 bytes).
    Removing stm32f10x_dma.o(i.DMA_ITConfig), (18 bytes).
    Removing stm32f10x_dma.o(i.DMA_Init), (60 bytes).
    Removing stm32f10x_dma.o(i.DMA_StructInit), (26 bytes).
    Removing stm32f10x_i2c.o(i.I2C_ARPCmd), (24 bytes).
    Removing stm32f10x_i2c.o(i.I2C_AcknowledgeConfig), (24 bytes).
    Removing stm32f10x_i2c.o(i.I2C_CalculatePEC), (24 bytes).
    Removing stm32f10x_i2c.o(i.I2C_CheckEvent), (42 bytes).
    Removing stm32f10x_i2c.o(i.I2C_ClearFlag), (12 bytes).
    Removing stm32f10x_i2c.o(i.I2C_ClearITPendingBit), (12 bytes).
    Removing stm32f10x_i2c.o(i.I2C_Cmd), (24 bytes).
    Removing stm32f10x_i2c.o(i.I2C_DMACmd), (24 bytes).
    Removing stm32f10x_i2c.o(i.I2C_DMALastTransferCmd), (24 bytes).
    Removing stm32f10x_i2c.o(i.I2C_DeInit), (56 bytes).
    Removing stm32f10x_i2c.o(i.I2C_DualAddressCmd), (24 bytes).
    Removing stm32f10x_i2c.o(i.I2C_FastModeDutyCycleConfig), (28 bytes).
    Removing stm32f10x_i2c.o(i.I2C_GeneralCallCmd), (24 bytes).
    Removing stm32f10x_i2c.o(i.I2C_GenerateSTART), (24 bytes).
    Removing stm32f10x_i2c.o(i.I2C_GenerateSTOP), (24 bytes).
    Removing stm32f10x_i2c.o(i.I2C_GetFlagStatus), (58 bytes).
    Removing stm32f10x_i2c.o(i.I2C_GetITStatus), (38 bytes).
    Removing stm32f10x_i2c.o(i.I2C_GetLastEvent), (26 bytes).
    Removing stm32f10x_i2c.o(i.I2C_GetPEC), (8 bytes).
    Removing stm32f10x_i2c.o(i.I2C_ITConfig), (18 bytes).
    Removing stm32f10x_i2c.o(i.I2C_Init), (236 bytes).
    Removing stm32f10x_i2c.o(i.I2C_OwnAddress2Config), (22 bytes).
    Removing stm32f10x_i2c.o(i.I2C_PECPositionConfig), (28 bytes).
    Removing stm32f10x_i2c.o(i.I2C_ReadRegister), (22 bytes).
    Removing stm32f10x_i2c.o(i.I2C_ReceiveData), (8 bytes).
    Removing stm32f10x_i2c.o(i.I2C_SMBusAlertConfig), (28 bytes).
    Removing stm32f10x_i2c.o(i.I2C_Send7bitAddress), (18 bytes).
    Removing stm32f10x_i2c.o(i.I2C_SendData), (4 bytes).
    Removing stm32f10x_i2c.o(i.I2C_SoftwareResetCmd), (22 bytes).
    Removing stm32f10x_i2c.o(i.I2C_StretchClockCmd), (24 bytes).
    Removing stm32f10x_i2c.o(i.I2C_StructInit), (30 bytes).
    Removing stm32f10x_i2c.o(i.I2C_TransmitPEC), (24 bytes).
    Removing stm32f10x_flash.o(i.FLASH_BootConfig), (120 bytes).
    Removing stm32f10x_flash.o(i.FLASH_ClearFlag), (24 bytes).
    Removing stm32f10x_flash.o(i.FLASH_EnableWriteProtection), (196 bytes).
    Removing stm32f10x_flash.o(i.FLASH_EraseAllBank1Pages), (76 bytes).
    Removing stm32f10x_flash.o(i.FLASH_EraseAllBank2Pages), (76 bytes).
    Removing stm32f10x_flash.o(i.FLASH_EraseAllPages), (132 bytes).
    Removing stm32f10x_flash.o(i.FLASH_EraseOptionBytes), (168 bytes).
    Removing stm32f10x_flash.o(i.FLASH_ErasePage), (160 bytes).
    Removing stm32f10x_flash.o(i.FLASH_GetBank1Status), (52 bytes).
    Removing stm32f10x_flash.o(i.FLASH_GetBank2Status), (52 bytes).
    Removing stm32f10x_flash.o(i.FLASH_GetFlagStatus), (68 bytes).
    Removing stm32f10x_flash.o(i.FLASH_GetPrefetchBufferStatus), (24 bytes).
    Removing stm32f10x_flash.o(i.FLASH_GetReadOutProtectionStatus), (24 bytes).
    Removing stm32f10x_flash.o(i.FLASH_GetStatus), (52 bytes).
    Removing stm32f10x_flash.o(i.FLASH_GetUserOptionByte), (12 bytes).
    Removing stm32f10x_flash.o(i.FLASH_GetWriteProtectionOptionByte), (12 bytes).
    Removing stm32f10x_flash.o(i.FLASH_HalfCycleAccessCmd), (28 bytes).
    Removing stm32f10x_flash.o(i.FLASH_ITConfig), (72 bytes).
    Removing stm32f10x_flash.o(i.FLASH_Lock), (28 bytes).
    Removing stm32f10x_flash.o(i.FLASH_LockBank1), (20 bytes).
    Removing stm32f10x_flash.o(i.FLASH_LockBank2), (20 bytes).
    Removing stm32f10x_flash.o(i.FLASH_ProgramHalfWord), (124 bytes).
    Removing stm32f10x_flash.o(i.FLASH_ProgramOptionByteData), (84 bytes).
    Removing stm32f10x_flash.o(i.FLASH_ProgramWord), (388 bytes).
    Removing stm32f10x_flash.o(i.FLASH_ReadOutProtection), (172 bytes).
    Removing stm32f10x_flash.o(i.FLASH_Unlock), (32 bytes).
    Removing stm32f10x_flash.o(i.FLASH_UnlockBank1), (24 bytes).
    Removing stm32f10x_flash.o(i.FLASH_UnlockBank2), (24 bytes).
    Removing stm32f10x_flash.o(i.FLASH_UserOptionByteConfig), (104 bytes).
    Removing stm32f10x_flash.o(i.FLASH_WaitForLastBank1Operation), (38 bytes).
    Removing stm32f10x_flash.o(i.FLASH_WaitForLastBank2Operation), (38 bytes).
    Removing stm32f10x_flash.o(i.FLASH_WaitForLastOperation), (38 bytes).
    Removing stm32f10x_adc.o(i.ADC_AnalogWatchdogCmd), (20 bytes).
    Removing stm32f10x_adc.o(i.ADC_AnalogWatchdogSingleChannelConfig), (16 bytes).
    Removing stm32f10x_adc.o(i.ADC_AnalogWatchdogThresholdsConfig), (6 bytes).
    Removing stm32f10x_adc.o(i.ADC_AutoInjectedConvCmd), (22 bytes).
    Removing stm32f10x_adc.o(i.ADC_ClearFlag), (6 bytes).
    Removing stm32f10x_adc.o(i.ADC_ClearITPendingBit), (10 bytes).
    Removing stm32f10x_adc.o(i.ADC_DMACmd), (22 bytes).
    Removing stm32f10x_adc.o(i.ADC_DeInit), (92 bytes).
    Removing stm32f10x_adc.o(i.ADC_DiscModeChannelCountConfig), (24 bytes).
    Removing stm32f10x_adc.o(i.ADC_DiscModeCmd), (22 bytes).
    Removing stm32f10x_adc.o(i.ADC_ExternalTrigConvCmd), (22 bytes).
    Removing stm32f10x_adc.o(i.ADC_ExternalTrigInjectedConvCmd), (22 bytes).
    Removing stm32f10x_adc.o(i.ADC_ExternalTrigInjectedConvConfig), (16 bytes).
    Removing stm32f10x_adc.o(i.ADC_GetDualModeConversionValue), (12 bytes).
    Removing stm32f10x_adc.o(i.ADC_GetITStatus), (36 bytes).
    Removing stm32f10x_adc.o(i.ADC_GetInjectedConversionValue), (28 bytes).
    Removing stm32f10x_adc.o(i.ADC_GetSoftwareStartConvStatus), (20 bytes).
    Removing stm32f10x_adc.o(i.ADC_GetSoftwareStartInjectedConvCmdStatus), (20 bytes).
    Removing stm32f10x_adc.o(i.ADC_ITConfig), (24 bytes).
    Removing stm32f10x_adc.o(i.ADC_InjectedChannelConfig), (130 bytes).
    Removing stm32f10x_adc.o(i.ADC_InjectedDiscModeCmd), (22 bytes).
    Removing stm32f10x_adc.o(i.ADC_InjectedSequencerLengthConfig), (24 bytes).
    Removing stm32f10x_adc.o(i.ADC_SetInjectedOffset), (20 bytes).
    Removing stm32f10x_adc.o(i.ADC_SoftwareStartInjectedConvCmd), (22 bytes).
    Removing stm32f10x_adc.o(i.ADC_StructInit), (18 bytes).
    Removing stm32f10x_adc.o(i.ADC_TempSensorVrefintCmd), (36 bytes).
    Removing core_cm3.o(.emb_text), (32 bytes).
    Removing system_stm32f10x.o(i.SystemCoreClockUpdate), (164 bytes).
    Removing system_stm32f10x.o(.data), (20 bytes).
    Removing stm32_eval.o(i.LM75_LowLevel_DeInit), (84 bytes).
    Removing stm32_eval.o(i.LM75_LowLevel_Init), (84 bytes).
    Removing stm32_eval.o(i.SD_LowLevel_DMA_RxConfig), (100 bytes).
    Removing stm32_eval.o(i.SD_LowLevel_DMA_TxConfig), (100 bytes).
    Removing stm32_eval.o(i.SD_LowLevel_DeInit), (76 bytes).
    Removing stm32_eval.o(i.SD_LowLevel_Init), (104 bytes).
    Removing stm32_eval.o(i.SD_WaitForDMAEndOfTransfer), (20 bytes).
    Removing stm32_eval.o(i.STM_EVAL_COMInit), (180 bytes).
    Removing stm32_eval.o(i.STM_EVAL_LEDInit), (64 bytes).
    Removing stm32_eval.o(i.STM_EVAL_LEDOff), (24 bytes).
    Removing stm32_eval.o(i.STM_EVAL_LEDOn), (24 bytes).
    Removing stm32_eval.o(i.STM_EVAL_LEDToggle), (36 bytes).
    Removing stm32_eval.o(i.STM_EVAL_PBGetState), (32 bytes).
    Removing stm32_eval.o(i.STM_EVAL_PBInit), (176 bytes).
    Removing stm32_eval.o(i.sFLASH_LowLevel_DeInit), (104 bytes).
    Removing stm32_eval.o(i.sFLASH_LowLevel_Init), (104 bytes).
    Removing stm32_eval.o(.constdata), (168 bytes).
    Removing stm32_eval.o(.data), (72 bytes).
    Removing startup_stm32f10x_xl.o(HEAP), (512 bytes).
    Removing audio.o(i.play_music), (92 bytes).
    Removing audio.o(i.start_music), (136 bytes).
    Removing audio.o(i.stop_music), (12 bytes).
    Removing audio.o(.bss), (8192 bytes).
    Removing audio.o(.data), (8 bytes).
    Removing lcd128.o(i.screen_backlight), (168 bytes).
    Removing lcd128.o(i.screen_down), (172 bytes).
    Removing lcd128.o(i.screen_down_rle), (176 bytes).
    Removing lcd128.o(i.screen_enable), (36 bytes).
    Removing lcd128.o(i.screen_highspeed), (364 bytes).
    Removing lcd128.o(i.screen_init), (24 bytes).
    Removing lcd128.o(i.screen_init_gpio), (116 bytes).
    Removing lcd128.o(i.screen_init_nvic), (34 bytes).
    Removing lcd128.o(i.screen_init_rcc), (36 bytes).
    Removing lcd128.o(i.screen_init_reset), (236 bytes).
    Removing lcd128.o(i.screen_init_spi), (64 bytes).
    Removing lcd128.o(i.screen_key_ack), (244 bytes).
    Removing lcd128.o(i.screen_recall), (168 bytes).
    Removing lcd128.o(i.screen_update), (168 bytes).
    Removing main_adc.o(i.get_light_adc), (138 bytes).
    Removing mp3sample.o(.constdata), (142848 bytes).
    Removing screen_uart.o(i.screen_uart_down_isp), (164 bytes).
    Removing sys.o(i.RCC_Configuration), (100 bytes).
    Removing sys.o(i.write), (2 bytes).
    Removing vs1003.o(i.VS1003_GetDecodeTime), (10 bytes).
    Removing vs1003.o(i.VS1003_Init), (120 bytes).
    Removing vs1003.o(i.VS1003_RamTest), (116 bytes).
    Removing vs1003.o(i.VS1003_ReadReg), (100 bytes).
    Removing vs1003.o(i.VS1003_Record_Init), (262 bytes).
    Removing vs1003.o(i.VS1003_Reset), (56 bytes).
    Removing vs1003.o(i.VS1003_ResetDecodeTime), (20 bytes).
    Removing vs1003.o(i.VS1003_SPI_Init), (92 bytes).
    Removing vs1003.o(i.VS1003_SPI_ReadWriteByte), (56 bytes).
    Removing vs1003.o(i.VS1003_SPI_SetSpeed), (88 bytes).
    Removing vs1003.o(i.VS1003_SetVol), (84 bytes).
    Removing vs1003.o(i.VS1003_SineTest), (324 bytes).
    Removing vs1003.o(i.VS1003_SoftReset), (232 bytes).
    Removing vs1003.o(i.VS1003_WriteData), (56 bytes).
    Removing vs1003.o(i.VS1003_WriteReg), (88 bytes).
    Removing vs1003.o(i.delay_ms), (20 bytes).
    Removing vs1003.o(.data), (5 bytes).
    Removing music.o(.constdata), (49430 bytes).
    Removing music.o(.data), (40 bytes).

314 unused section(s) (total 251025 bytes) removed from the image.

==============================================================================

Image Symbol Table

    Local Symbols

    Symbol Name                              Value     Ov Type        Size  Object(Section)

    ../clib/../cmprslib/zerorunl2.c          0x00000000   Number         0  __dczerorl2.o ABSOLUTE
    ../clib/microlib/init/entry.s            0x00000000   Number         0  entry8b.o ABSOLUTE
    ../clib/microlib/init/entry.s            0x00000000   Number         0  entry9a.o ABSOLUTE
    ../clib/microlib/init/entry.s            0x00000000   Number         0  entry2.o ABSOLUTE
    ../clib/microlib/init/entry.s            0x00000000   Number         0  entry9b.o ABSOLUTE
    ../clib/microlib/init/entry.s            0x00000000   Number         0  entry8a.o ABSOLUTE
    ../clib/microlib/init/entry.s            0x00000000   Number         0  entry.o ABSOLUTE
    ../clib/microlib/init/entry.s            0x00000000   Number         0  entry5.o ABSOLUTE
    ../clib/microlib/init/entry.s            0x00000000   Number         0  entry7a.o ABSOLUTE
    ../clib/microlib/init/entry.s            0x00000000   Number         0  entry7b.o ABSOLUTE
    ../clib/microlib/init/entry.s            0x00000000   Number         0  entry10a.o ABSOLUTE
    ../clib/microlib/init/entry.s            0x00000000   Number         0  entry10b.o ABSOLUTE
    ../clib/microlib/init/entry.s            0x00000000   Number         0  entry11a.o ABSOLUTE
    ../clib/microlib/init/entry.s            0x00000000   Number         0  entry11b.o ABSOLUTE
    ..\..\..\Libraries\CMSIS\CM3\CoreSupport\core_cm3.c 0x00000000   Number         0  core_cm3.o ABSOLUTE
    ..\..\..\Libraries\CMSIS\CM3\DeviceSupport\ST\STM32F10x\startup\arm\startup_stm32f10x_xl.s 0x00000000   Number         0  startup_stm32f10x_xl.o ABSOLUTE
    ..\..\..\Libraries\CMSIS\CM3\DeviceSupport\ST\STM32F10x\system_stm32f10x.c 0x00000000   Number         0  system_stm32f10x.o ABSOLUTE
    ..\..\..\Libraries\STM32F10x_StdPeriph_Driver\src\misc.c 0x00000000   Number         0  misc.o ABSOLUTE
    ..\..\..\Libraries\STM32F10x_StdPeriph_Driver\src\stm32f10x_adc.c 0x00000000   Number         0  stm32f10x_adc.o ABSOLUTE
    ..\..\..\Libraries\STM32F10x_StdPeriph_Driver\src\stm32f10x_dma.c 0x00000000   Number         0  stm32f10x_dma.o ABSOLUTE
    ..\..\..\Libraries\STM32F10x_StdPeriph_Driver\src\stm32f10x_exti.c 0x00000000   Number         0  stm32f10x_exti.o ABSOLUTE
    ..\..\..\Libraries\STM32F10x_StdPeriph_Driver\src\stm32f10x_flash.c 0x00000000   Number         0  stm32f10x_flash.o ABSOLUTE
    ..\..\..\Libraries\STM32F10x_StdPeriph_Driver\src\stm32f10x_fsmc.c 0x00000000   Number         0  stm32f10x_fsmc.o ABSOLUTE
    ..\..\..\Libraries\STM32F10x_StdPeriph_Driver\src\stm32f10x_gpio.c 0x00000000   Number         0  stm32f10x_gpio.o ABSOLUTE
    ..\..\..\Libraries\STM32F10x_StdPeriph_Driver\src\stm32f10x_i2c.c 0x00000000   Number         0  stm32f10x_i2c.o ABSOLUTE
    ..\..\..\Libraries\STM32F10x_StdPeriph_Driver\src\stm32f10x_rcc.c 0x00000000   Number         0  stm32f10x_rcc.o ABSOLUTE
    ..\..\..\Libraries\STM32F10x_StdPeriph_Driver\src\stm32f10x_sdio.c 0x00000000   Number         0  stm32f10x_sdio.o ABSOLUTE
    ..\..\..\Libraries\STM32F10x_StdPeriph_Driver\src\stm32f10x_spi.c 0x00000000   Number         0  stm32f10x_spi.o ABSOLUTE
    ..\..\..\Libraries\STM32F10x_StdPeriph_Driver\src\stm32f10x_usart.c 0x00000000   Number         0  stm32f10x_usart.o ABSOLUTE
    ..\..\..\Utilities\STM32_EVAL\stm32_eval.c 0x00000000   Number         0  stm32_eval.o ABSOLUTE
    ..\\..\\..\\Libraries\\CMSIS\\CM3\\CoreSupport\\core_cm3.c 0x00000000   Number         0  core_cm3.o ABSOLUTE
    ..\c\audio.c                             0x00000000   Number         0  audio.o ABSOLUTE
    ..\c\lcd128.c                            0x00000000   Number         0  lcd128.o ABSOLUTE
    ..\c\main_adc.c                          0x00000000   Number         0  main_adc.o ABSOLUTE
    ..\c\mp3sample.c                         0x00000000   Number         0  mp3sample.o ABSOLUTE
    ..\c\music.c                             0x00000000   Number         0  music.o ABSOLUTE
    ..\c\screen_uart.c                       0x00000000   Number         0  screen_uart.o ABSOLUTE
    ..\c\stm32f10x_it.c                      0x00000000   Number         0  stm32f10x_it.o ABSOLUTE
    ..\c\sys.c                               0x00000000   Number         0  sys.o ABSOLUTE
    ..\c\vs1003.c                            0x00000000   Number         0  vs1003.o ABSOLUTE
    ..\fsmc_nand1.c                          0x00000000   Number         0  fsmc_nand1.o ABSOLUTE
    ..\main.c                                0x00000000   Number         0  main.o ABSOLUTE
    ..\usart_flash.c                         0x00000000   Number         0  usart_flash.o ABSOLUTE
    dc.s                                     0x00000000   Number         0  dc.o ABSOLUTE
    handlers.s                               0x00000000   Number         0  handlers.o ABSOLUTE
    init.s                                   0x00000000   Number         0  init.o ABSOLUTE
    RESET                                    0x08000000   Section      304  startup_stm32f10x_xl.o(RESET)
    .ARM.Collect$$$$00000000                 0x08000130   Section        0  entry.o(.ARM.Collect$$$$00000000)
    .ARM.Collect$$$$00000001                 0x08000130   Section        4  entry2.o(.ARM.Collect$$$$00000001)
    .ARM.Collect$$$$00000004                 0x08000134   Section        4  entry5.o(.ARM.Collect$$$$00000004)
    .ARM.Collect$$$$00000008                 0x08000138   Section        0  entry7b.o(.ARM.Collect$$$$00000008)
    .ARM.Collect$$$$0000000A                 0x08000138   Section        0  entry8b.o(.ARM.Collect$$$$0000000A)
    .ARM.Collect$$$$0000000B                 0x08000138   Section        8  entry9a.o(.ARM.Collect$$$$0000000B)
    .ARM.Collect$$$$0000000D                 0x08000140   Section        0  entry10a.o(.ARM.Collect$$$$0000000D)
    .ARM.Collect$$$$0000000F                 0x08000140   Section        0  entry11a.o(.ARM.Collect$$$$0000000F)
    .ARM.Collect$$$$00002712                 0x08000140   Section        4  entry2.o(.ARM.Collect$$$$00002712)
    __lit__00000000                          0x08000140   Data           4  entry2.o(.ARM.Collect$$$$00002712)
    .text                                    0x08000144   Section       36  startup_stm32f10x_xl.o(.text)
    .text                                    0x08000168   Section       36  init.o(.text)
    .text                                    0x0800018c   Section        0  __dczerorl2.o(.text)
    i.ADC_Cmd                                0x080001e8   Section        0  stm32f10x_adc.o(i.ADC_Cmd)
    i.ADC_GetCalibrationStatus               0x080001fe   Section        0  stm32f10x_adc.o(i.ADC_GetCalibrationStatus)
    i.ADC_GetConversionValue                 0x08000212   Section        0  stm32f10x_adc.o(i.ADC_GetConversionValue)
    i.ADC_GetFlagStatus                      0x0800021a   Section        0  stm32f10x_adc.o(i.ADC_GetFlagStatus)
    i.ADC_GetResetCalibrationStatus          0x0800022c   Section        0  stm32f10x_adc.o(i.ADC_GetResetCalibrationStatus)
    i.ADC_Init                               0x08000240   Section        0  stm32f10x_adc.o(i.ADC_Init)
    i.ADC_RegularChannelConfig               0x08000290   Section        0  stm32f10x_adc.o(i.ADC_RegularChannelConfig)
    i.ADC_ResetCalibration                   0x08000348   Section        0  stm32f10x_adc.o(i.ADC_ResetCalibration)
    i.ADC_SoftwareStartConvCmd               0x08000352   Section        0  stm32f10x_adc.o(i.ADC_SoftwareStartConvCmd)
    i.ADC_StartCalibration                   0x08000368   Section        0  stm32f10x_adc.o(i.ADC_StartCalibration)
    i.BusFault_Handler                       0x08000372   Section        0  stm32f10x_it.o(i.BusFault_Handler)
    i.DebugMon_Handler                       0x08000376   Section        0  stm32f10x_it.o(i.DebugMon_Handler)
    i.FLASH_PrefetchBufferCmd                0x08000378   Section        0  stm32f10x_flash.o(i.FLASH_PrefetchBufferCmd)
    i.FLASH_SetLatency                       0x08000394   Section        0  stm32f10x_flash.o(i.FLASH_SetLatency)
    i.FSMC_NANDCmd                           0x080003ac   Section        0  stm32f10x_fsmc.o(i.FSMC_NANDCmd)
    i.FSMC_NANDInit                          0x08000408   Section        0  stm32f10x_fsmc.o(i.FSMC_NANDInit)
    i.GPIO_Init                              0x08000494   Section        0  stm32f10x_gpio.o(i.GPIO_Init)
    i.GPIO_ResetBits                         0x080005a6   Section        0  stm32f10x_gpio.o(i.GPIO_ResetBits)
    i.GPIO_SetBits                           0x080005aa   Section        0  stm32f10x_gpio.o(i.GPIO_SetBits)
    i.HardFault_Handler                      0x080005ae   Section        0  stm32f10x_it.o(i.HardFault_Handler)
    i.MemManage_Handler                      0x080005b2   Section        0  stm32f10x_it.o(i.MemManage_Handler)
    i.NAND_Init                              0x080005b8   Section        0  fsmc_nand1.o(i.NAND_Init)
    i.NMI_Handler                            0x08000670   Section        0  stm32f10x_it.o(i.NMI_Handler)
    i.NVIC_Init                              0x08000674   Section        0  misc.o(i.NVIC_Init)
    i.NVIC_PriorityGroupConfig               0x080006e8   Section        0  misc.o(i.NVIC_PriorityGroupConfig)
    i.NVIC_SetVectorTable                    0x080006fc   Section        0  misc.o(i.NVIC_SetVectorTable)
    i.PendSV_Handler                         0x08000710   Section        0  stm32f10x_it.o(i.PendSV_Handler)
    i.RCC_ADCCLKConfig                       0x08000714   Section        0  stm32f10x_rcc.o(i.RCC_ADCCLKConfig)
    i.RCC_AHBPeriphClockCmd                  0x0800072c   Section        0  stm32f10x_rcc.o(i.RCC_AHBPeriphClockCmd)
    i.RCC_APB1PeriphClockCmd                 0x0800074c   Section        0  stm32f10x_rcc.o(i.RCC_APB1PeriphClockCmd)
    i.RCC_APB2PeriphClockCmd                 0x0800076c   Section        0  stm32f10x_rcc.o(i.RCC_APB2PeriphClockCmd)
    i.RCC_DeInit                             0x0800078c   Section        0  stm32f10x_rcc.o(i.RCC_DeInit)
    i.RCC_GetClocksFreq                      0x080007d8   Section        0  stm32f10x_rcc.o(i.RCC_GetClocksFreq)
    i.RCC_GetFlagStatus                      0x080008ac   Section        0  stm32f10x_rcc.o(i.RCC_GetFlagStatus)
    i.RCC_GetSYSCLKSource                    0x080008e8   Section        0  stm32f10x_rcc.o(i.RCC_GetSYSCLKSource)
    i.RCC_HCLKConfig                         0x080008f8   Section        0  stm32f10x_rcc.o(i.RCC_HCLKConfig)
    i.RCC_HSEConfig                          0x08000910   Section        0  stm32f10x_rcc.o(i.RCC_HSEConfig)
    i.RCC_PCLK1Config                        0x0800095c   Section        0  stm32f10x_rcc.o(i.RCC_PCLK1Config)
    i.RCC_PCLK2Config                        0x08000974   Section        0  stm32f10x_rcc.o(i.RCC_PCLK2Config)
    i.RCC_PLLCmd                             0x0800098c   Section        0  stm32f10x_rcc.o(i.RCC_PLLCmd)
    i.RCC_PLLConfig                          0x08000998   Section        0  stm32f10x_rcc.o(i.RCC_PLLConfig)
    i.RCC_SYSCLKConfig                       0x080009b4   Section        0  stm32f10x_rcc.o(i.RCC_SYSCLKConfig)
    i.RCC_WaitForHSEStartUp                  0x080009cc   Section        0  stm32f10x_rcc.o(i.RCC_WaitForHSEStartUp)
    i.SPI2_IRQHandler                        0x08000a04   Section        0  stm32f10x_it.o(i.SPI2_IRQHandler)
    i.SPI_I2S_ITConfig                       0x08000a0c   Section        0  stm32f10x_spi.o(i.SPI_I2S_ITConfig)
    i.SPI_I2S_ReceiveData                    0x08000a2c   Section        0  stm32f10x_spi.o(i.SPI_I2S_ReceiveData)
    i.SPI_I2S_SendData                       0x08000a32   Section        0  stm32f10x_spi.o(i.SPI_I2S_SendData)
    i.SVC_Handler                            0x08000a36   Section        0  stm32f10x_it.o(i.SVC_Handler)
    i.SetSysClock                            0x08000a38   Section        0  system_stm32f10x.o(i.SetSysClock)
    SetSysClock                              0x08000a39   Thumb Code     8  system_stm32f10x.o(i.SetSysClock)
    i.SetSysClockTo72                        0x08000a40   Section        0  system_stm32f10x.o(i.SetSysClockTo72)
    SetSysClockTo72                          0x08000a41   Thumb Code   212  system_stm32f10x.o(i.SetSysClockTo72)
    i.SysTick_Handler                        0x08000b1c   Section        0  stm32f10x_it.o(i.SysTick_Handler)
    i.SystemInit                             0x08000b20   Section        0  system_stm32f10x.o(i.SystemInit)
    i.USART1_IRQHandler                      0x08000b74   Section        0  stm32f10x_it.o(i.USART1_IRQHandler)
    i.USART2_IRQHandler                      0x08000b7c   Section        0  stm32f10x_it.o(i.USART2_IRQHandler)
    i.USART_Cmd                              0x08000b84   Section        0  stm32f10x_usart.o(i.USART_Cmd)
    i.USART_GetITStatus                      0x08000b9c   Section        0  stm32f10x_usart.o(i.USART_GetITStatus)
    i.USART_ITConfig                         0x08000bf0   Section        0  stm32f10x_usart.o(i.USART_ITConfig)
    i.USART_Init                             0x08000c3c   Section        0  stm32f10x_usart.o(i.USART_Init)
    i.USART_ReceiveData                      0x08000d14   Section        0  stm32f10x_usart.o(i.USART_ReceiveData)
    i.USART_SendData                         0x08000d1e   Section        0  stm32f10x_usart.o(i.USART_SendData)
    i.Uart_Configuration                     0x08000d28   Section        0  usart_flash.o(i.Uart_Configuration)
    i.UsageFault_Handler                     0x08000db8   Section        0  stm32f10x_it.o(i.UsageFault_Handler)
    i.__scatterload_copy                     0x08000dbc   Section       14  handlers.o(i.__scatterload_copy)
    i.__scatterload_null                     0x08000dca   Section        2  handlers.o(i.__scatterload_null)
    i.__scatterload_zeroinit                 0x08000dcc   Section       14  handlers.o(i.__scatterload_zeroinit)
    i.get_adc_key                            0x08000ddc   Section        0  main_adc.o(i.get_adc_key)
    i.main                                   0x08000e3c   Section        0  main.o(i.main)
    i.main_adc_getdata                       0x08000e68   Section        0  main_adc.o(i.main_adc_getdata)
    i.main_adc_init                          0x08000f28   Section        0  main_adc.o(i.main_adc_init)
    i.screen_disable                         0x08000fc8   Section        0  lcd128.o(i.screen_disable)
    i.screen_spi_getdata                     0x08000fec   Section        0  lcd128.o(i.screen_spi_getdata)
    i.screen_spi_isp                         0x08000ffc   Section        0  lcd128.o(i.screen_spi_isp)
    i.screen_spi_send                        0x080010f4   Section        0  lcd128.o(i.screen_spi_send)
    i.screen_uart_init                       0x08001110   Section        0  screen_uart.o(i.screen_uart_init)
    i.screen_uart_main_down_isp              0x08001244   Section        0  screen_uart.o(i.screen_uart_main_down_isp)
    i.screen_uart_package                    0x08001314   Section        0  screen_uart.o(i.screen_uart_package)
    i.screen_uart_send                       0x08001354   Section        0  screen_uart.o(i.screen_uart_send)
    i.screen_uart_send_noint                 0x08001444   Section        0  screen_uart.o(i.screen_uart_send_noint)
    i.screen_uart_sends                      0x08001520   Section        0  screen_uart.o(i.screen_uart_sends)
    i.screen_uart_tosend                     0x080015f4   Section        0  screen_uart.o(i.screen_uart_tosend)
    i.screen_uart_up_isp                     0x08001644   Section        0  screen_uart.o(i.screen_uart_up_isp)
    i.sys_main                               0x0800185c   Section        0  sys.o(i.sys_main)
    .data                                    0x20000000   Section       39  usart_flash.o(.data)
    .data                                    0x20000027   Section       20  stm32f10x_rcc.o(.data)
    APBAHBPrescTable                         0x20000027   Data          16  stm32f10x_rcc.o(.data)
    ADCPrescTable                            0x20000037   Data           4  stm32f10x_rcc.o(.data)
    .data                                    0x2000003c   Section       79  lcd128.o(.data)
    time_out                                 0x20000072   Data           2  lcd128.o(.data)
    .data                                    0x2000008c   Section        8  main_adc.o(.data)
    .data                                    0x20000094   Section      447  screen_uart.o(.data)
    .data                                    0x20000254   Section        6  sys.o(.data)
    j                                        0x20000254   Data           2  sys.o(.data)
    .bss                                     0x2000025c   Section       94  lcd128.o(.bss)
    .bss                                     0x200002bc   Section       20  main_adc.o(.bss)
    .bss                                     0x200002d0   Section     8408  screen_uart.o(.bss)
    USART_InitStructure                      0x20002398   Data          16  screen_uart.o(.bss)
    STACK                                    0x200023a8   Section     1024  startup_stm32f10x_xl.o(STACK)

    Global Symbols

    Symbol Name                              Value     Ov Type        Size  Object(Section)

    BuildAttributes$$THM_ISAv4$P$D$K$B$S$PE$A:L22UL41UL21$X:L11$S22US41US21$IEEE1$IW$USESV6$~STKCKD$USESV7$~SHL$OSPACE$EBA8$MICROLIB$REQ8$PRES8$EABIv2 0x00000000   Number         0  anon$$obj.o ABSOLUTE
    __ARM_use_no_argv                        0x00000000   Number         0  main.o ABSOLUTE
    __cpp_initialize__aeabi_                  - Undefined Weak Reference
    __cxa_finalize                            - Undefined Weak Reference
    _clock_init                               - Undefined Weak Reference
    _microlib_exit                            - Undefined Weak Reference
    __Vectors_Size                           0x00000130   Number         0  startup_stm32f10x_xl.o ABSOLUTE
    __Vectors                                0x08000000   Data           4  startup_stm32f10x_xl.o(RESET)
    __Vectors_End                            0x08000130   Data           0  startup_stm32f10x_xl.o(RESET)
    __main                                   0x08000131   Thumb Code     0  entry.o(.ARM.Collect$$$$00000000)
    _main_stk                                0x08000131   Thumb Code     0  entry2.o(.ARM.Collect$$$$00000001)
    _main_scatterload                        0x08000135   Thumb Code     0  entry5.o(.ARM.Collect$$$$00000004)
    __main_after_scatterload                 0x08000139   Thumb Code     0  entry5.o(.ARM.Collect$$$$00000004)
    _main_clock                              0x08000139   Thumb Code     0  entry7b.o(.ARM.Collect$$$$00000008)
    _main_cpp_init                           0x08000139   Thumb Code     0  entry8b.o(.ARM.Collect$$$$0000000A)
    _main_init                               0x08000139   Thumb Code     0  entry9a.o(.ARM.Collect$$$$0000000B)
    __rt_final_cpp                           0x08000141   Thumb Code     0  entry10a.o(.ARM.Collect$$$$0000000D)
    __rt_final_exit                          0x08000141   Thumb Code     0  entry11a.o(.ARM.Collect$$$$0000000F)
    Reset_Handler                            0x08000145   Thumb Code     8  startup_stm32f10x_xl.o(.text)
    ADC1_2_IRQHandler                        0x0800015f   Thumb Code     0  startup_stm32f10x_xl.o(.text)
    ADC3_IRQHandler                          0x0800015f   Thumb Code     0  startup_stm32f10x_xl.o(.text)
    CAN1_RX1_IRQHandler                      0x0800015f   Thumb Code     0  startup_stm32f10x_xl.o(.text)
    CAN1_SCE_IRQHandler                      0x0800015f   Thumb Code     0  startup_stm32f10x_xl.o(.text)
    DMA1_Channel1_IRQHandler                 0x0800015f   Thumb Code     0  startup_stm32f10x_xl.o(.text)
    DMA1_Channel2_IRQHandler                 0x0800015f   Thumb Code     0  startup_stm32f10x_xl.o(.text)
    DMA1_Channel3_IRQHandler                 0x0800015f   Thumb Code     0  startup_stm32f10x_xl.o(.text)
    DMA1_Channel4_IRQHandler                 0x0800015f   Thumb Code     0  startup_stm32f10x_xl.o(.text)
    DMA1_Channel5_IRQHandler                 0x0800015f   Thumb Code     0  startup_stm32f10x_xl.o(.text)
    DMA1_Channel6_IRQHandler                 0x0800015f   Thumb Code     0  startup_stm32f10x_xl.o(.text)
    DMA1_Channel7_IRQHandler                 0x0800015f   Thumb Code     0  startup_stm32f10x_xl.o(.text)
    DMA2_Channel1_IRQHandler                 0x0800015f   Thumb Code     0  startup_stm32f10x_xl.o(.text)
    DMA2_Channel2_IRQHandler                 0x0800015f   Thumb Code     0  startup_stm32f10x_xl.o(.text)
    DMA2_Channel3_IRQHandler                 0x0800015f   Thumb Code     0  startup_stm32f10x_xl.o(.text)
    DMA2_Channel4_5_IRQHandler               0x0800015f   Thumb Code     0  startup_stm32f10x_xl.o(.text)
    EXTI0_IRQHandler                         0x0800015f   Thumb Code     0  startup_stm32f10x_xl.o(.text)
    EXTI15_10_IRQHandler                     0x0800015f   Thumb Code     0  startup_stm32f10x_xl.o(.text)
    EXTI1_IRQHandler                         0x0800015f   Thumb Code     0  startup_stm32f10x_xl.o(.text)
    EXTI2_IRQHandler                         0x0800015f   Thumb Code     0  startup_stm32f10x_xl.o(.text)
    EXTI3_IRQHandler                         0x0800015f   Thumb Code     0  startup_stm32f10x_xl.o(.text)
    EXTI4_IRQHandler                         0x0800015f   Thumb Code     0  startup_stm32f10x_xl.o(.text)
    EXTI9_5_IRQHandler                       0x0800015f   Thumb Code     0  startup_stm32f10x_xl.o(.text)
    FLASH_IRQHandler                         0x0800015f   Thumb Code     0  startup_stm32f10x_xl.o(.text)
    FSMC_IRQHandler                          0x0800015f   Thumb Code     0  startup_stm32f10x_xl.o(.text)
    I2C1_ER_IRQHandler                       0x0800015f   Thumb Code     0  startup_stm32f10x_xl.o(.text)
    I2C1_EV_IRQHandler                       0x0800015f   Thumb Code     0  startup_stm32f10x_xl.o(.text)
    I2C2_ER_IRQHandler                       0x0800015f   Thumb Code     0  startup_stm32f10x_xl.o(.text)
    I2C2_EV_IRQHandler                       0x0800015f   Thumb Code     0  startup_stm32f10x_xl.o(.text)
    PVD_IRQHandler                           0x0800015f   Thumb Code     0  startup_stm32f10x_xl.o(.text)
    RCC_IRQHandler                           0x0800015f   Thumb Code     0  startup_stm32f10x_xl.o(.text)
    RTCAlarm_IRQHandler                      0x0800015f   Thumb Code     0  startup_stm32f10x_xl.o(.text)
    RTC_IRQHandler                           0x0800015f   Thumb Code     0  startup_stm32f10x_xl.o(.text)
    SDIO_IRQHandler                          0x0800015f   Thumb Code     0  startup_stm32f10x_xl.o(.text)
    SPI1_IRQHandler                          0x0800015f   Thumb Code     0  startup_stm32f10x_xl.o(.text)
    SPI3_IRQHandler                          0x0800015f   Thumb Code     0  startup_stm32f10x_xl.o(.text)
    TAMPER_IRQHandler                        0x0800015f   Thumb Code     0  startup_stm32f10x_xl.o(.text)
    TIM1_BRK_TIM9_IRQHandler                 0x0800015f   Thumb Code     0  startup_stm32f10x_xl.o(.text)
    TIM1_CC_IRQHandler                       0x0800015f   Thumb Code     0  startup_stm32f10x_xl.o(.text)
    TIM1_TRG_COM_TIM11_IRQHandler            0x0800015f   Thumb Code     0  startup_stm32f10x_xl.o(.text)
    TIM1_UP_TIM10_IRQHandler                 0x0800015f   Thumb Code     0  startup_stm32f10x_xl.o(.text)
    TIM2_IRQHandler                          0x0800015f   Thumb Code     0  startup_stm32f10x_xl.o(.text)
    TIM3_IRQHandler                          0x0800015f   Thumb Code     0  startup_stm32f10x_xl.o(.text)
    TIM4_IRQHandler                          0x0800015f   Thumb Code     0  startup_stm32f10x_xl.o(.text)
    TIM5_IRQHandler                          0x0800015f   Thumb Code     0  startup_stm32f10x_xl.o(.text)
    TIM6_IRQHandler                          0x0800015f   Thumb Code     0  startup_stm32f10x_xl.o(.text)
    TIM7_IRQHandler                          0x0800015f   Thumb Code     0  startup_stm32f10x_xl.o(.text)
    TIM8_BRK_TIM12_IRQHandler                0x0800015f   Thumb Code     0  startup_stm32f10x_xl.o(.text)
    TIM8_CC_IRQHandler                       0x0800015f   Thumb Code     0  startup_stm32f10x_xl.o(.text)
    TIM8_TRG_COM_TIM14_IRQHandler            0x0800015f   Thumb Code     0  startup_stm32f10x_xl.o(.text)
    TIM8_UP_TIM13_IRQHandler                 0x0800015f   Thumb Code     0  startup_stm32f10x_xl.o(.text)
    UART4_IRQHandler                         0x0800015f   Thumb Code     0  startup_stm32f10x_xl.o(.text)
    UART5_IRQHandler                         0x0800015f   Thumb Code     0  startup_stm32f10x_xl.o(.text)
    USART3_IRQHandler                        0x0800015f   Thumb Code     0  startup_stm32f10x_xl.o(.text)
    USBWakeUp_IRQHandler                     0x0800015f   Thumb Code     0  startup_stm32f10x_xl.o(.text)
    USB_HP_CAN1_TX_IRQHandler                0x0800015f   Thumb Code     0  startup_stm32f10x_xl.o(.text)
    USB_LP_CAN1_RX0_IRQHandler               0x0800015f   Thumb Code     0  startup_stm32f10x_xl.o(.text)
    WWDG_IRQHandler                          0x0800015f   Thumb Code     0  startup_stm32f10x_xl.o(.text)
    __scatterload                            0x08000169   Thumb Code    28  init.o(.text)
    __scatterload_rt2                        0x08000169   Thumb Code     0  init.o(.text)
    __decompress                             0x0800018d   Thumb Code     0  __dczerorl2.o(.text)
    __decompress1                            0x0800018d   Thumb Code    92  __dczerorl2.o(.text)
    ADC_Cmd                                  0x080001e9   Thumb Code    22  stm32f10x_adc.o(i.ADC_Cmd)
    ADC_GetCalibrationStatus                 0x080001ff   Thumb Code    20  stm32f10x_adc.o(i.ADC_GetCalibrationStatus)
    ADC_GetConversionValue                   0x08000213   Thumb Code     8  stm32f10x_adc.o(i.ADC_GetConversionValue)
    ADC_GetFlagStatus                        0x0800021b   Thumb Code    18  stm32f10x_adc.o(i.ADC_GetFlagStatus)
    ADC_GetResetCalibrationStatus            0x0800022d   Thumb Code    20  stm32f10x_adc.o(i.ADC_GetResetCalibrationStatus)
    ADC_Init                                 0x08000241   Thumb Code    70  stm32f10x_adc.o(i.ADC_Init)
    ADC_RegularChannelConfig                 0x08000291   Thumb Code   184  stm32f10x_adc.o(i.ADC_RegularChannelConfig)
    ADC_ResetCalibration                     0x08000349   Thumb Code    10  stm32f10x_adc.o(i.ADC_ResetCalibration)
    ADC_SoftwareStartConvCmd                 0x08000353   Thumb Code    22  stm32f10x_adc.o(i.ADC_SoftwareStartConvCmd)
    ADC_StartCalibration                     0x08000369   Thumb Code    10  stm32f10x_adc.o(i.ADC_StartCalibration)
    BusFault_Handler                         0x08000373   Thumb Code     4  stm32f10x_it.o(i.BusFault_Handler)
    DebugMon_Handler                         0x08000377   Thumb Code     2  stm32f10x_it.o(i.DebugMon_Handler)
    FLASH_PrefetchBufferCmd                  0x08000379   Thumb Code    22  stm32f10x_flash.o(i.FLASH_PrefetchBufferCmd)
    FLASH_SetLatency                         0x08000395   Thumb Code    18  stm32f10x_flash.o(i.FLASH_SetLatency)
    FSMC_NANDCmd                             0x080003ad   Thumb Code    84  stm32f10x_fsmc.o(i.FSMC_NANDCmd)
    FSMC_NANDInit                            0x08000409   Thumb Code   130  stm32f10x_fsmc.o(i.FSMC_NANDInit)
    GPIO_Init                                0x08000495   Thumb Code   274  stm32f10x_gpio.o(i.GPIO_Init)
    GPIO_ResetBits                           0x080005a7   Thumb Code     4  stm32f10x_gpio.o(i.GPIO_ResetBits)
    GPIO_SetBits                             0x080005ab   Thumb Code     4  stm32f10x_gpio.o(i.GPIO_SetBits)
    HardFault_Handler                        0x080005af   Thumb Code     4  stm32f10x_it.o(i.HardFault_Handler)
    MemManage_Handler                        0x080005b3   Thumb Code     4  stm32f10x_it.o(i.MemManage_Handler)
    NAND_Init                                0x080005b9   Thumb Code   170  fsmc_nand1.o(i.NAND_Init)
    NMI_Handler                              0x08000671   Thumb Code     2  stm32f10x_it.o(i.NMI_Handler)
    NVIC_Init                                0x08000675   Thumb Code   102  misc.o(i.NVIC_Init)
    NVIC_PriorityGroupConfig                 0x080006e9   Thumb Code    10  misc.o(i.NVIC_PriorityGroupConfig)
    NVIC_SetVectorTable                      0x080006fd   Thumb Code    12  misc.o(i.NVIC_SetVectorTable)
    PendSV_Handler                           0x08000711   Thumb Code     2  stm32f10x_it.o(i.PendSV_Handler)
    RCC_ADCCLKConfig                         0x08000715   Thumb Code    18  stm32f10x_rcc.o(i.RCC_ADCCLKConfig)
    RCC_AHBPeriphClockCmd                    0x0800072d   Thumb Code    26  stm32f10x_rcc.o(i.RCC_AHBPeriphClockCmd)
    RCC_APB1PeriphClockCmd                   0x0800074d   Thumb Code    26  stm32f10x_rcc.o(i.RCC_APB1PeriphClockCmd)
    RCC_APB2PeriphClockCmd                   0x0800076d   Thumb Code    26  stm32f10x_rcc.o(i.RCC_APB2PeriphClockCmd)
    RCC_DeInit                               0x0800078d   Thumb Code    64  stm32f10x_rcc.o(i.RCC_DeInit)
    RCC_GetClocksFreq                        0x080007d9   Thumb Code   192  stm32f10x_rcc.o(i.RCC_GetClocksFreq)
    RCC_GetFlagStatus                        0x080008ad   Thumb Code    56  stm32f10x_rcc.o(i.RCC_GetFlagStatus)
    RCC_GetSYSCLKSource                      0x080008e9   Thumb Code    10  stm32f10x_rcc.o(i.RCC_GetSYSCLKSource)
    RCC_HCLKConfig                           0x080008f9   Thumb Code    18  stm32f10x_rcc.o(i.RCC_HCLKConfig)
    RCC_HSEConfig                            0x08000911   Thumb Code    70  stm32f10x_rcc.o(i.RCC_HSEConfig)
    RCC_PCLK1Config                          0x0800095d   Thumb Code    18  stm32f10x_rcc.o(i.RCC_PCLK1Config)
    RCC_PCLK2Config                          0x08000975   Thumb Code    20  stm32f10x_rcc.o(i.RCC_PCLK2Config)
    RCC_PLLCmd                               0x0800098d   Thumb Code     6  stm32f10x_rcc.o(i.RCC_PLLCmd)
    RCC_PLLConfig                            0x08000999   Thumb Code    24  stm32f10x_rcc.o(i.RCC_PLLConfig)
    RCC_SYSCLKConfig                         0x080009b5   Thumb Code    18  stm32f10x_rcc.o(i.RCC_SYSCLKConfig)
    RCC_WaitForHSEStartUp                    0x080009cd   Thumb Code    56  stm32f10x_rcc.o(i.RCC_WaitForHSEStartUp)
    SPI2_IRQHandler                          0x08000a05   Thumb Code     8  stm32f10x_it.o(i.SPI2_IRQHandler)
    SPI_I2S_ITConfig                         0x08000a0d   Thumb Code    32  stm32f10x_spi.o(i.SPI_I2S_ITConfig)
    SPI_I2S_ReceiveData                      0x08000a2d   Thumb Code     6  stm32f10x_spi.o(i.SPI_I2S_ReceiveData)
    SPI_I2S_SendData                         0x08000a33   Thumb Code     4  stm32f10x_spi.o(i.SPI_I2S_SendData)
    SVC_Handler                              0x08000a37   Thumb Code     2  stm32f10x_it.o(i.SVC_Handler)
    SysTick_Handler                          0x08000b1d   Thumb Code     2  stm32f10x_it.o(i.SysTick_Handler)
    SystemInit                               0x08000b21   Thumb Code    70  system_stm32f10x.o(i.SystemInit)
    USART1_IRQHandler                        0x08000b75   Thumb Code     8  stm32f10x_it.o(i.USART1_IRQHandler)
    USART2_IRQHandler                        0x08000b7d   Thumb Code     8  stm32f10x_it.o(i.USART2_IRQHandler)
    USART_Cmd                                0x08000b85   Thumb Code    24  stm32f10x_usart.o(i.USART_Cmd)
    USART_GetITStatus                        0x08000b9d   Thumb Code    84  stm32f10x_usart.o(i.USART_GetITStatus)
    USART_ITConfig                           0x08000bf1   Thumb Code    74  stm32f10x_usart.o(i.USART_ITConfig)
    USART_Init                               0x08000c3d   Thumb Code   210  stm32f10x_usart.o(i.USART_Init)
    USART_ReceiveData                        0x08000d15   Thumb Code    10  stm32f10x_usart.o(i.USART_ReceiveData)
    USART_SendData                           0x08000d1f   Thumb Code     8  stm32f10x_usart.o(i.USART_SendData)
    Uart_Configuration                       0x08000d29   Thumb Code   140  usart_flash.o(i.Uart_Configuration)
    UsageFault_Handler                       0x08000db9   Thumb Code     4  stm32f10x_it.o(i.UsageFault_Handler)
    __scatterload_copy                       0x08000dbd   Thumb Code    14  handlers.o(i.__scatterload_copy)
    __scatterload_null                       0x08000dcb   Thumb Code     2  handlers.o(i.__scatterload_null)
    __scatterload_zeroinit                   0x08000dcd   Thumb Code    14  handlers.o(i.__scatterload_zeroinit)
    get_adc_key                              0x08000ddd   Thumb Code    90  main_adc.o(i.get_adc_key)
    main                                     0x08000e3d   Thumb Code    44  main.o(i.main)
    main_adc_getdata                         0x08000e69   Thumb Code   188  main_adc.o(i.main_adc_getdata)
    main_adc_init                            0x08000f29   Thumb Code   146  main_adc.o(i.main_adc_init)
    screen_disable                           0x08000fc9   Thumb Code    26  lcd128.o(i.screen_disable)
    screen_spi_getdata                       0x08000fed   Thumb Code    12  lcd128.o(i.screen_spi_getdata)
    screen_spi_isp                           0x08000ffd   Thumb Code   228  lcd128.o(i.screen_spi_isp)
    screen_spi_send                          0x080010f5   Thumb Code    24  lcd128.o(i.screen_spi_send)
    screen_uart_init                         0x08001111   Thumb Code   294  screen_uart.o(i.screen_uart_init)
    screen_uart_main_down_isp                0x08001245   Thumb Code   190  screen_uart.o(i.screen_uart_main_down_isp)
    screen_uart_package                      0x08001315   Thumb Code    64  screen_uart.o(i.screen_uart_package)
    screen_uart_send                         0x08001355   Thumb Code   234  screen_uart.o(i.screen_uart_send)
    screen_uart_send_noint                   0x08001445   Thumb Code   214  screen_uart.o(i.screen_uart_send_noint)
    screen_uart_sends                        0x08001521   Thumb Code   208  screen_uart.o(i.screen_uart_sends)
    screen_uart_tosend                       0x080015f5   Thumb Code    78  screen_uart.o(i.screen_uart_tosend)
    screen_uart_up_isp                       0x08001645   Thumb Code   498  screen_uart.o(i.screen_uart_up_isp)
    sys_main                                 0x0800185d   Thumb Code   536  sys.o(i.sys_main)
    Region$$Table$$Base                      0x08001aa0   Number         0  anon$$obj.o(Region$$Table)
    Region$$Table$$Limit                     0x08001ac0   Number         0  anon$$obj.o(Region$$Table)
    page                                     0x20000000   Data           4  usart_flash.o(.data)
    page1                                    0x20000004   Data           4  usart_flash.o(.data)
    HSEStartUpStatus                         0x20000008   Data           1  usart_flash.o(.data)
    RxData                                   0x20000009   Data           1  usart_flash.o(.data)
    TxData                                   0x2000000a   Data           1  usart_flash.o(.data)
    NewAddress2                              0x2000000c   Data           6  usart_flash.o(.data)
    table1                                   0x20000012   Data           6  usart_flash.o(.data)
    NewAddress1                              0x20000018   Data           6  usart_flash.o(.data)
    table4                                   0x2000001e   Data           6  usart_flash.o(.data)
    nowaddress                               0x20000024   Data           3  usart_flash.o(.data)
    screen_port_ss                           0x2000003c   Data          36  lcd128.o(.data)
    screen_pin_ss                            0x20000060   Data          18  lcd128.o(.data)
    screen_pcmd                              0x20000074   Data           4  lcd128.o(.data)
    flag_high_speed                          0x20000078   Data           1  lcd128.o(.data)
    key_value                                0x20000079   Data           1  lcd128.o(.data)
    key_flag                                 0x2000007a   Data           1  lcd128.o(.data)
    key_prestat                              0x2000007b   Data           7  lcd128.o(.data)
    flag                                     0x20000082   Data           1  lcd128.o(.data)
    screen_init_stat                         0x20000083   Data           7  lcd128.o(.data)
    screen_data                              0x2000008a   Data           1  lcd128.o(.data)
    pre_adc                                  0x2000008c   Data           8  main_adc.o(.data)
    screen_uart_var                          0x20000094   Data         424  screen_uart.o(.data)
    flag_cmd                                 0x2000023c   Data           1  screen_uart.o(.data)
    cmd_data                                 0x2000023d   Data           4  screen_uart.o(.data)
    stat                                     0x20000241   Data           1  screen_uart.o(.data)
    flag_tosend                              0x20000242   Data           1  screen_uart.o(.data)
    counter                                  0x20000244   Data           4  screen_uart.o(.data)
    package_in                               0x20000248   Data           1  screen_uart.o(.data)
    package_out                              0x20000249   Data           1  screen_uart.o(.data)
    u_counter                                0x2000024c   Data           4  screen_uart.o(.data)
    uart_pic_length                          0x20000250   Data           2  screen_uart.o(.data)
    data_tosend                              0x20000252   Data           1  screen_uart.o(.data)
    blackwhite                               0x20000256   Data           1  sys.o(.data)
    key_stop                                 0x20000257   Data           1  sys.o(.data)
    flag_set_light                           0x20000258   Data           1  sys.o(.data)
    flag_down                                0x20000259   Data           1  sys.o(.data)
    screen_cmd_data                          0x2000025c   Data          36  lcd128.o(.bss)
    data_buff                                0x20000280   Data          10  lcd128.o(.bss)
    screen_head                              0x2000028a   Data          20  lcd128.o(.bss)
    screen_tailer                            0x2000029e   Data          10  lcd128.o(.bss)
    SPI_InitStructure                        0x200002a8   Data          18  lcd128.o(.bss)
    ADC_InitStructure                        0x200002bc   Data          20  main_adc.o(.bss)
    package_buff0                            0x200002d0   Data         200  screen_uart.o(.bss)
    file_data                                0x20000398   Data        8192  screen_uart.o(.bss)
    __initial_sp                             0x200027a8   Data           0  startup_stm32f10x_xl.o(STACK)



==============================================================================

Memory Map of the image

  Image Entry point : 0x08000131

  Load Region LR_IROM1 (Base: 0x08000000, Size: 0x00001d1c, Max: 0x00040000, ABSOLUTE, COMPRESSED[0x00001b08])

    Execution Region ER_IROM1 (Base: 0x08000000, Size: 0x00001ac0, Max: 0x00040000, ABSOLUTE)

    Base Addr    Size         Type   Attr      Idx    E Section Name        Object

    0x08000000   0x00000130   Data   RO         2202    RESET               startup_stm32f10x_xl.o
    0x08000130   0x00000000   Code   RO         2705  * .ARM.Collect$$$$00000000  mc_w.l(entry.o)
    0x08000130   0x00000004   Code   RO         2708    .ARM.Collect$$$$00000001  mc_w.l(entry2.o)
    0x08000134   0x00000004   Code   RO         2711    .ARM.Collect$$$$00000004  mc_w.l(entry5.o)
    0x08000138   0x00000000   Code   RO         2713    .ARM.Collect$$$$00000008  mc_w.l(entry7b.o)
    0x08000138   0x00000000   Code   RO         2715    .ARM.Collect$$$$0000000A  mc_w.l(entry8b.o)
    0x08000138   0x00000008   Code   RO         2716    .ARM.Collect$$$$0000000B  mc_w.l(entry9a.o)
    0x08000140   0x00000000   Code   RO         2718    .ARM.Collect$$$$0000000D  mc_w.l(entry10a.o)
    0x08000140   0x00000000   Code   RO         2720    .ARM.Collect$$$$0000000F  mc_w.l(entry11a.o)
    0x08000140   0x00000004   Code   RO         2709    .ARM.Collect$$$$00002712  mc_w.l(entry2.o)
    0x08000144   0x00000024   Code   RO         2203    .text               startup_stm32f10x_xl.o
    0x08000168   0x00000024   Code   RO         2722    .text               mc_w.l(init.o)
    0x0800018c   0x0000005c   Code   RO         2732    .text               mc_w.l(__dczerorl2.o)
    0x080001e8   0x00000016   Code   RO         1812    i.ADC_Cmd           stm32f10x_adc.o
    0x080001fe   0x00000014   Code   RO         1820    i.ADC_GetCalibrationStatus  stm32f10x_adc.o
    0x08000212   0x00000008   Code   RO         1821    i.ADC_GetConversionValue  stm32f10x_adc.o
    0x0800021a   0x00000012   Code   RO         1823    i.ADC_GetFlagStatus  stm32f10x_adc.o
    0x0800022c   0x00000014   Code   RO         1826    i.ADC_GetResetCalibrationStatus  stm32f10x_adc.o
    0x08000240   0x00000050   Code   RO         1830    i.ADC_Init          stm32f10x_adc.o
    0x08000290   0x000000b8   Code   RO         1834    i.ADC_RegularChannelConfig  stm32f10x_adc.o
    0x08000348   0x0000000a   Code   RO         1835    i.ADC_ResetCalibration  stm32f10x_adc.o
    0x08000352   0x00000016   Code   RO         1837    i.ADC_SoftwareStartConvCmd  stm32f10x_adc.o
    0x08000368   0x0000000a   Code   RO         1839    i.ADC_StartCalibration  stm32f10x_adc.o
    0x08000372   0x00000004   Code   RO         2471    i.BusFault_Handler  stm32f10x_it.o
    0x08000376   0x00000002   Code   RO         2472    i.DebugMon_Handler  stm32f10x_it.o
    0x08000378   0x0000001c   Code   RO         1614    i.FLASH_PrefetchBufferCmd  stm32f10x_flash.o
    0x08000394   0x00000018   Code   RO         1619    i.FLASH_SetLatency  stm32f10x_flash.o
    0x080003ac   0x0000005c   Code   RO          834    i.FSMC_NANDCmd      stm32f10x_fsmc.o
    0x08000408   0x0000008c   Code   RO          837    i.FSMC_NANDInit     stm32f10x_fsmc.o
    0x08000494   0x00000112   Code   RO          471    i.GPIO_Init         stm32f10x_gpio.o
    0x080005a6   0x00000004   Code   RO          478    i.GPIO_ResetBits    stm32f10x_gpio.o
    0x080005aa   0x00000004   Code   RO          479    i.GPIO_SetBits      stm32f10x_gpio.o
    0x080005ae   0x00000004   Code   RO         2473    i.HardFault_Handler  stm32f10x_it.o
    0x080005b2   0x00000004   Code   RO         2474    i.MemManage_Handler  stm32f10x_it.o
    0x080005b6   0x00000002   PAD
    0x080005b8   0x000000b8   Code   RO          166    i.NAND_Init         fsmc_nand1.o
    0x08000670   0x00000002   Code   RO         2475    i.NMI_Handler       stm32f10x_it.o
    0x08000672   0x00000002   PAD
    0x08000674   0x00000074   Code   RO          585    i.NVIC_Init         misc.o
    0x080006e8   0x00000014   Code   RO          586    i.NVIC_PriorityGroupConfig  misc.o
    0x080006fc   0x00000014   Code   RO          587    i.NVIC_SetVectorTable  misc.o
    0x08000710   0x00000002   Code   RO         2476    i.PendSV_Handler    stm32f10x_it.o
    0x08000712   0x00000002   PAD
    0x08000714   0x00000018   Code   RO          238    i.RCC_ADCCLKConfig  stm32f10x_rcc.o
    0x0800072c   0x00000020   Code   RO          239    i.RCC_AHBPeriphClockCmd  stm32f10x_rcc.o
    0x0800074c   0x00000020   Code   RO          240    i.RCC_APB1PeriphClockCmd  stm32f10x_rcc.o
    0x0800076c   0x00000020   Code   RO          242    i.RCC_APB2PeriphClockCmd  stm32f10x_rcc.o
    0x0800078c   0x0000004c   Code   RO          249    i.RCC_DeInit        stm32f10x_rcc.o
    0x080007d8   0x000000d4   Code   RO          250    i.RCC_GetClocksFreq  stm32f10x_rcc.o
    0x080008ac   0x0000003c   Code   RO          251    i.RCC_GetFlagStatus  stm32f10x_rcc.o
    0x080008e8   0x00000010   Code   RO          253    i.RCC_GetSYSCLKSource  stm32f10x_rcc.o
    0x080008f8   0x00000018   Code   RO          254    i.RCC_HCLKConfig    stm32f10x_rcc.o
    0x08000910   0x0000004c   Code   RO          255    i.RCC_HSEConfig     stm32f10x_rcc.o
    0x0800095c   0x00000018   Code   RO          261    i.RCC_PCLK1Config   stm32f10x_rcc.o
    0x08000974   0x00000018   Code   RO          262    i.RCC_PCLK2Config   stm32f10x_rcc.o
    0x0800098c   0x0000000c   Code   RO          263    i.RCC_PLLCmd        stm32f10x_rcc.o
    0x08000998   0x0000001c   Code   RO          264    i.RCC_PLLConfig     stm32f10x_rcc.o
    0x080009b4   0x00000018   Code   RO          267    i.RCC_SYSCLKConfig  stm32f10x_rcc.o
    0x080009cc   0x00000038   Code   RO          269    i.RCC_WaitForHSEStartUp  stm32f10x_rcc.o
    0x08000a04   0x00000008   Code   RO         2477    i.SPI2_IRQHandler   stm32f10x_it.o
    0x08000a0c   0x00000020   Code   RO          696    i.SPI_I2S_ITConfig  stm32f10x_spi.o
    0x08000a2c   0x00000006   Code   RO          697    i.SPI_I2S_ReceiveData  stm32f10x_spi.o
    0x08000a32   0x00000004   Code   RO          698    i.SPI_I2S_SendData  stm32f10x_spi.o
    0x08000a36   0x00000002   Code   RO         2478    i.SVC_Handler       stm32f10x_it.o
    0x08000a38   0x00000008   Code   RO         2042    i.SetSysClock       system_stm32f10x.o
    0x08000a40   0x000000dc   Code   RO         2043    i.SetSysClockTo72   system_stm32f10x.o
    0x08000b1c   0x00000002   Code   RO         2479    i.SysTick_Handler   stm32f10x_it.o
    0x08000b1e   0x00000002   PAD
    0x08000b20   0x00000054   Code   RO         2045    i.SystemInit        system_stm32f10x.o
    0x08000b74   0x00000008   Code   RO         2480    i.USART1_IRQHandler  stm32f10x_it.o
    0x08000b7c   0x00000008   Code   RO         2481    i.USART2_IRQHandler  stm32f10x_it.o
    0x08000b84   0x00000018   Code   RO          955    i.USART_Cmd         stm32f10x_usart.o
    0x08000b9c   0x00000054   Code   RO          959    i.USART_GetITStatus  stm32f10x_usart.o
    0x08000bf0   0x0000004a   Code   RO          961    i.USART_ITConfig    stm32f10x_usart.o
    0x08000c3a   0x00000002   PAD
    0x08000c3c   0x000000d8   Code   RO          962    i.USART_Init        stm32f10x_usart.o
    0x08000d14   0x0000000a   Code   RO          969    i.USART_ReceiveData  stm32f10x_usart.o
    0x08000d1e   0x00000008   Code   RO          972    i.USART_SendData    stm32f10x_usart.o
    0x08000d26   0x00000002   PAD
    0x08000d28   0x00000090   Code   RO          109    i.Uart_Configuration  usart_flash.o
    0x08000db8   0x00000004   Code   RO         2482    i.UsageFault_Handler  stm32f10x_it.o
    0x08000dbc   0x0000000e   Code   RO         2726    i.__scatterload_copy  mc_w.l(handlers.o)
    0x08000dca   0x00000002   Code   RO         2727    i.__scatterload_null  mc_w.l(handlers.o)
    0x08000dcc   0x0000000e   Code   RO         2728    i.__scatterload_zeroinit  mc_w.l(handlers.o)
    0x08000dda   0x00000002   PAD
    0x08000ddc   0x00000060   Code   RO         2359    i.get_adc_key       main_adc.o
    0x08000e3c   0x0000002c   Code   RO            2    i.main              main.o
    0x08000e68   0x000000c0   Code   RO         2361    i.main_adc_getdata  main_adc.o
    0x08000f28   0x000000a0   Code   RO         2362    i.main_adc_init     main_adc.o
    0x08000fc8   0x00000024   Code   RO         2239    i.screen_disable    lcd128.o
    0x08000fec   0x00000010   Code   RO         2252    i.screen_spi_getdata  lcd128.o
    0x08000ffc   0x000000f8   Code   RO         2253    i.screen_spi_isp    lcd128.o
    0x080010f4   0x0000001c   Code   RO         2254    i.screen_spi_send   lcd128.o
    0x08001110   0x00000134   Code   RO         2404    i.screen_uart_init  screen_uart.o
    0x08001244   0x000000d0   Code   RO         2405    i.screen_uart_main_down_isp  screen_uart.o
    0x08001314   0x00000040   Code   RO         2406    i.screen_uart_package  screen_uart.o
    0x08001354   0x000000f0   Code   RO         2407    i.screen_uart_send  screen_uart.o
    0x08001444   0x000000dc   Code   RO         2408    i.screen_uart_send_noint  screen_uart.o
    0x08001520   0x000000d4   Code   RO         2409    i.screen_uart_sends  screen_uart.o
    0x080015f4   0x0000004e   Code   RO         2410    i.screen_uart_tosend  screen_uart.o
    0x08001642   0x00000002   PAD
    0x08001644   0x00000218   Code   RO         2411    i.screen_uart_up_isp  screen_uart.o
    0x0800185c   0x00000244   Code   RO         2557    i.sys_main          sys.o
    0x08001aa0   0x00000020   Data   RO         2724    Region$$Table       anon$$obj.o


    Execution Region RW_IRAM1 (Base: 0x20000000, Size: 0x000027a8, Max: 0x0000c000, ABSOLUTE, COMPRESSED[0x00000048])

    Base Addr    Size         Type   Attr      Idx    E Section Name        Object

    0x20000000   0x00000027   Data   RW          113    .data               usart_flash.o
    0x20000027   0x00000014   Data   RW          270    .data               stm32f10x_rcc.o
    0x2000003b   0x00000001   PAD
    0x2000003c   0x0000004f   Data   RW         2257    .data               lcd128.o
    0x2000008b   0x00000001   PAD
    0x2000008c   0x00000008   Data   RW         2364    .data               main_adc.o
    0x20000094   0x000001bf   Data   RW         2413    .data               screen_uart.o
    0x20000253   0x00000001   PAD
    0x20000254   0x00000006   Data   RW         2559    .data               sys.o
    0x2000025a   0x00000002   PAD
    0x2000025c   0x0000005e   Zero   RW         2256    .bss                lcd128.o
    0x200002ba   0x00000002   PAD
    0x200002bc   0x00000014   Zero   RW         2363    .bss                main_adc.o
    0x200002d0   0x000020d8   Zero   RW         2412    .bss                screen_uart.o
    0x200023a8   0x00000400   Zero   RW         2200    STACK               startup_stm32f10x_xl.o


==============================================================================

Image component sizes


      Code (inc. data)   RO Data    RW Data    ZI Data      Debug   Object Name

         0          0          0          0          0         32   core_cm3.o
       184         14          0          0          0        624   fsmc_nand1.o
       328         38          0         79         94       3451   lcd128.o
        44          0          0          0          0     249975   main.o
       448         24          0          8         20       2441   main_adc.o
       156         32          0          0          0       4061   misc.o
      1866         94          0        447       8408       6637   screen_uart.o
        36          8        304          0       1024        892   startup_stm32f10x_xl.o
       394         10          0          0          0      17561   stm32f10x_adc.o
        52         12          0          0          0       1157   stm32f10x_flash.o
       232         18          0          0          0      10007   stm32f10x_fsmc.o
       282          0          0          0          0      20296   stm32f10x_gpio.o
        50          0          0          0          0       4928   stm32f10x_it.o
       752        104          0         20          0      21069   stm32f10x_rcc.o
        42          0          0          0          0      10012   stm32f10x_spi.o
       416          6          0          0          0      11971   stm32f10x_usart.o
       580         44          0          6          0       1530   sys.o
       312         22          0          0          0       2197   system_stm32f10x.o
       144          4          0         39          0     205246   usart_flash.o

    ----------------------------------------------------------------------
      6332        430        336        604       9548     574087   Object Totals
         0          0         32          0          0          0   (incl. Generated)
        14          0          0          5          2          0   (incl. Padding)

    ----------------------------------------------------------------------

      Code (inc. data)   RO Data    RW Data    ZI Data      Debug   Library Member Name

        92          0          0          0          0          0   __dczerorl2.o
         0          0          0          0          0          0   entry.o
         0          0          0          0          0          0   entry10a.o
         0          0          0          0          0          0   entry11a.o
         8          4          0          0          0          0   entry2.o
         4          0          0          0          0          0   entry5.o
         0          0          0          0          0          0   entry7b.o
         0          0          0          0          0          0   entry8b.o
         8          4          0          0          0          0   entry9a.o
        30          0          0          0          0          0   handlers.o
        36          8          0          0          0         68   init.o

    ----------------------------------------------------------------------
       180         16          0          0          0         68   Library Totals
         2          0          0          0          0          0   (incl. Padding)

    ----------------------------------------------------------------------

      Code (inc. data)   RO Data    RW Data    ZI Data      Debug   Library Name

       178         16          0          0          0         68   mc_w.l

    ----------------------------------------------------------------------
       180         16          0          0          0         68   Library Totals

    ----------------------------------------------------------------------

==============================================================================


      Code (inc. data)   RO Data    RW Data    ZI Data      Debug   

      6512        446        336        604       9548     570255   Grand Totals
      6512        446        336         72       9548     570255   ELF Image Totals (compressed)
      6512        446        336         72          0          0   ROM Totals

==============================================================================

    Total RO  Size (Code + RO Data)                 6848 (   6.69kB)
    Total RW  Size (RW Data + ZI Data)             10152 (   9.91kB)
    Total ROM Size (Code + RO Data + RW Data)       6920 (   6.76kB)

==============================================================================

