<html>
<body>
<pre>
<h1>µVision Build Log</h1>
<h2>Project:</h2>
D:\Ö÷¿Ø°åÔ´³ÌÐò\Project\zhuzhe_flash_usart\MDK-ARM\Project.uvproj
Project File Date:  11/19/2012

<h2>Output:</h2>
Build target 'STM32F10X_XL'
compiling main.c...
..\main.c(13): warning:  #177-D: variable "TxBuffer" was declared but never referenced
..\main.c:   static uint8_t TxBuffer[BUFFER_SIZE], RxBuffer[BUFFER_SIZE];
..\main.c:                  ^
..\main.c(13): warning:  #177-D: variable "RxBuffer" was declared but never referenced
..\main.c:   static uint8_t TxBuffer[BUFFER_SIZE], RxBuffer[BUFFER_SIZE];
..\main.c:                                         ^
..\main.c: ..\main.c: 2 warnings, 0 errors
compiling usart_flash.c...
..\usart_flash.c(32): warning:  #177-D: variable "GPIO_InitStructure" was declared but never referenced
..\usart_flash.c:       GPIO_InitTypeDef GPIO_InitStructure;
..\usart_flash.c:                        ^
..\usart_flash.c(150): warning:  #167-D: argument of type "volatile uint8_t *" is incompatible with parameter of type "unsigned char *"
..\usart_flash.c:    GetAddress(table2);
..\usart_flash.c:               ^
..\usart_flash.c(176): warning:  #167-D: argument of type "volatile uint8_t *" is incompatible with parameter of type "unsigned char *"
..\usart_flash.c:     UpdateAddress(table2,NewAddress2,DateNumber);
..\usart_flash.c:                   ^
..\usart_flash.c(177): warning:  #167-D: argument of type "volatile uint8_t *" is incompatible with parameter of type "unsigned char *"
..\usart_flash.c:     GetAddress(table2);
..\usart_flash.c:                ^
..\usart_flash.c(149): warning:  #177-D: variable "i" was declared but never referenced
..\usart_flash.c:    unsigned char i;
..\usart_flash.c:                  ^
..\usart_flash.c(192): warning:  #167-D: argument of type "volatile uint8_t *" is incompatible with parameter of type "unsigned char *"
..\usart_flash.c:    GetAddress(table3);
..\usart_flash.c:               ^
..\usart_flash.c(197): warning:  #1-D: last line of file ends without a newline
..\usart_flash.c:   }  
..\usart_flash.c:      ^
..\usart_flash.c: ..\usart_flash.c: 7 warnings, 0 errors
compiling fsmc_nand1.c...
compiling stm32f10x_rcc.c...
compiling stm32f10x_gpio.c...
compiling misc.c...
compiling stm32f10x_exti.c...
compiling stm32f10x_spi.c...
compiling stm32f10x_fsmc.c...
compiling stm32f10x_usart.c...
compiling stm32f10x_sdio.c...
compiling stm32f10x_dma.c...
compiling stm32f10x_i2c.c...
compiling stm32f10x_flash.c...
compiling stm32f10x_adc.c...
compiling core_cm3.c...
compiling system_stm32f10x.c...
compiling stm32_eval.c...
assembling startup_stm32f10x_xl.s...
compiling audio.c...
..\c\audio.c(27): warning:  #167-D: argument of type "char *" is incompatible with parameter of type "uint8_t *"
..\c\audio.c:      ReadDate (audio_data,AUDIO_SIZE,audio_mode+250); 
..\c\audio.c:                ^
..\c\audio.c: ..\c\audio.c: 1 warning, 0 errors
compiling lcd128.c...
compiling main_adc.c...
compiling mp3sample.c...
compiling screen_uart.c...
compiling stm32f10x_it.c...
compiling sys.c...
..\c\sys.c(199): warning:  #167-D: argument of type "char *" is incompatible with parameter of type "uint8_t *"
..\c\sys.c:                                     WriteDate(file_data,AUDIO_SIZE,packet_buff[1]);
..\c\sys.c:                                               ^
..\c\sys.c(14): warning:  #177-D: variable "j" was declared but never referenced
..\c\sys.c:   static uint16_t j=0;
..\c\sys.c:                   ^
..\c\sys.c: ..\c\sys.c: 2 warnings, 0 errors
compiling vs1003.c...
compiling music.c...
linking...
Program Size: Code=9008 RO-data=336 RW-data=612 ZI-data=34124  
FromELF: creating hex file...
".\STM32F10X_XL\STM32F10X_XL.axf" - 0 Error(s), 12 Warning(s).
Build target 'STM32F10X_XL'
compiling main.c...
..\main.c(13): warning:  #177-D: variable "TxBuffer" was declared but never referenced
..\main.c:   static uint8_t TxBuffer[BUFFER_SIZE], RxBuffer[BUFFER_SIZE];
..\main.c:                  ^
..\main.c(13): warning:  #177-D: variable "RxBuffer" was declared but never referenced
..\main.c:   static uint8_t TxBuffer[BUFFER_SIZE], RxBuffer[BUFFER_SIZE];
..\main.c:                                         ^
..\main.c: ..\main.c: 2 warnings, 0 errors
compiling usart_flash.c...
..\usart_flash.c(32): warning:  #177-D: variable "GPIO_InitStructure" was declared but never referenced
..\usart_flash.c:       GPIO_InitTypeDef GPIO_InitStructure;
..\usart_flash.c:                        ^
..\usart_flash.c(150): warning:  #167-D: argument of type "volatile uint8_t *" is incompatible with parameter of type "unsigned char *"
..\usart_flash.c:    GetAddress(table2);
..\usart_flash.c:               ^
..\usart_flash.c(176): warning:  #167-D: argument of type "volatile uint8_t *" is incompatible with parameter of type "unsigned char *"
..\usart_flash.c:     UpdateAddress(table2,NewAddress2,DateNumber);
..\usart_flash.c:                   ^
..\usart_flash.c(177): warning:  #167-D: argument of type "volatile uint8_t *" is incompatible with parameter of type "unsigned char *"
..\usart_flash.c:     GetAddress(table2);
..\usart_flash.c:                ^
..\usart_flash.c(149): warning:  #177-D: variable "i" was declared but never referenced
..\usart_flash.c:    unsigned char i;
..\usart_flash.c:                  ^
..\usart_flash.c(192): warning:  #167-D: argument of type "volatile uint8_t *" is incompatible with parameter of type "unsigned char *"
..\usart_flash.c:    GetAddress(table3);
..\usart_flash.c:               ^
..\usart_flash.c(197): warning:  #1-D: last line of file ends without a newline
..\usart_flash.c:   }  
..\usart_flash.c:      ^
..\usart_flash.c: ..\usart_flash.c: 7 warnings, 0 errors
compiling fsmc_nand1.c...
compiling stm32f10x_rcc.c...
compiling stm32f10x_gpio.c...
compiling misc.c...
compiling stm32f10x_exti.c...
compiling stm32f10x_spi.c...
compiling stm32f10x_fsmc.c...
compiling stm32f10x_usart.c...
compiling stm32f10x_sdio.c...
compiling stm32f10x_dma.c...
compiling stm32f10x_i2c.c...
compiling stm32f10x_flash.c...
compiling stm32f10x_adc.c...
compiling core_cm3.c...
compiling system_stm32f10x.c...
compiling stm32_eval.c...
assembling startup_stm32f10x_xl.s...
compiling audio.c...
..\c\audio.c(27): warning:  #167-D: argument of type "char *" is incompatible with parameter of type "uint8_t *"
..\c\audio.c:      ReadDate (audio_data,AUDIO_SIZE,audio_mode+250); 
..\c\audio.c:                ^
..\c\audio.c: ..\c\audio.c: 1 warning, 0 errors
compiling lcd128.c...
compiling main_adc.c...
compiling mp3sample.c...
compiling screen_uart.c...
compiling stm32f10x_it.c...
compiling sys.c...
..\c\sys.c(199): warning:  #167-D: argument of type "char *" is incompatible with parameter of type "uint8_t *"
..\c\sys.c:                                     WriteDate(file_data,AUDIO_SIZE,packet_buff[1]);
..\c\sys.c:                                               ^
..\c\sys.c(14): warning:  #177-D: variable "j" was declared but never referenced
..\c\sys.c:   static uint16_t j=0;
..\c\sys.c:                   ^
..\c\sys.c: ..\c\sys.c: 2 warnings, 0 errors
compiling vs1003.c...
compiling music.c...
linking...
Program Size: Code=9008 RO-data=336 RW-data=612 ZI-data=34124  
FromELF: creating hex file...
".\STM32F10X_XL\STM32F10X_XL.axf" - 0 Error(s), 12 Warning(s).
